Component: ARM Compiler 5.06 update 3 (build 300) Tool: armlink [4d35c9]

==============================================================================

Section Cross References

    startup_stm32f10x_xl.o(RESET) refers to startup_stm32f10x_xl.o(STACK) for __initial_sp
    startup_stm32f10x_xl.o(RESET) refers to startup_stm32f10x_xl.o(.text) for Reset_Handler
    startup_stm32f10x_xl.o(RESET) refers to stm32f10x_it.o(i.NMI_Handler) for NMI_Handler
    startup_stm32f10x_xl.o(RESET) refers to stm32f10x_it.o(i.HardFault_Handler) for HardFault_Handler
    startup_stm32f10x_xl.o(RESET) refers to stm32f10x_it.o(i.MemManage_Handler) for MemManage_Handler
    startup_stm32f10x_xl.o(RESET) refers to stm32f10x_it.o(i.BusFault_Handler) for BusFault_Handler
    startup_stm32f10x_xl.o(RESET) refers to stm32f10x_it.o(i.UsageFault_Handler) for UsageFault_Handler
    startup_stm32f10x_xl.o(RESET) refers to stm32f10x_it.o(i.SVC_Handler) for SVC_Handler
    startup_stm32f10x_xl.o(RESET) refers to stm32f10x_it.o(i.DebugMon_Handler) for DebugMon_Handler
    startup_stm32f10x_xl.o(RESET) refers to stm32f10x_it.o(i.PendSV_Handler) for PendSV_Handler
    startup_stm32f10x_xl.o(RESET) refers to stm32f10x_it.o(i.SysTick_Handler) for SysTick_Handler
    startup_stm32f10x_xl.o(RESET) refers to usart.o(i.USART1_IRQHandler) for USART1_IRQHandler
    startup_stm32f10x_xl.o(.text) refers to system_stm32f10x.o(i.SystemInit) for SystemInit
    startup_stm32f10x_xl.o(.text) refers to entry.o(.ARM.Collect$$$$00000000) for __main
    stm32f10x_gpio.o(i.GPIO_AFIODeInit) refers to stm32f10x_rcc.o(i.RCC_APB2PeriphResetCmd) for RCC_APB2PeriphResetCmd
    stm32f10x_gpio.o(i.GPIO_DeInit) refers to stm32f10x_rcc.o(i.RCC_APB2PeriphResetCmd) for RCC_APB2PeriphResetCmd
    stm32f10x_rcc.o(i.RCC_GetClocksFreq) refers to stm32f10x_rcc.o(.data) for APBAHBPrescTable
    stm32f10x_rcc.o(i.RCC_WaitForHSEStartUp) refers to stm32f10x_rcc.o(i.RCC_GetFlagStatus) for RCC_GetFlagStatus
    stm32f10x_usart.o(i.USART_DeInit) refers to stm32f10x_rcc.o(i.RCC_APB2PeriphResetCmd) for RCC_APB2PeriphResetCmd
    stm32f10x_usart.o(i.USART_DeInit) refers to stm32f10x_rcc.o(i.RCC_APB1PeriphResetCmd) for RCC_APB1PeriphResetCmd
    stm32f10x_usart.o(i.USART_Init) refers to stm32f10x_rcc.o(i.RCC_GetClocksFreq) for RCC_GetClocksFreq
    lcd.o(i.Draw_Circle) refers to lcd.o(i.LCD_DrawPoint) for LCD_DrawPoint
    lcd.o(i.LCD_Clear) refers to lcd.o(i.LCD_SetCursor) for LCD_SetCursor
    lcd.o(i.LCD_Clear) refers to lcd.o(i.LCD_WriteRAM_Prepare) for LCD_WriteRAM_Prepare
    lcd.o(i.LCD_Clear) refers to lcd.o(.bss) for lcddev
    lcd.o(i.LCD_Color_Fill) refers to lcd.o(i.LCD_SetCursor) for LCD_SetCursor
    lcd.o(i.LCD_Color_Fill) refers to lcd.o(i.LCD_WriteRAM_Prepare) for LCD_WriteRAM_Prepare
    lcd.o(i.LCD_DisplayOff) refers to lcd.o(i.LCD_WR_REG) for LCD_WR_REG
    lcd.o(i.LCD_DisplayOff) refers to lcd.o(i.LCD_WriteReg) for LCD_WriteReg
    lcd.o(i.LCD_DisplayOff) refers to lcd.o(.bss) for lcddev
    lcd.o(i.LCD_DisplayOn) refers to lcd.o(i.LCD_WR_REG) for LCD_WR_REG
    lcd.o(i.LCD_DisplayOn) refers to lcd.o(i.LCD_WriteReg) for LCD_WriteReg
    lcd.o(i.LCD_DisplayOn) refers to lcd.o(.bss) for lcddev
    lcd.o(i.LCD_Display_Dir) refers to lcd.o(i.LCD_Scan_Dir) for LCD_Scan_Dir
    lcd.o(i.LCD_Display_Dir) refers to lcd.o(.bss) for lcddev
    lcd.o(i.LCD_DrawLine) refers to lcd.o(i.LCD_DrawPoint) for LCD_DrawPoint
    lcd.o(i.LCD_DrawPoint) refers to lcd.o(i.LCD_SetCursor) for LCD_SetCursor
    lcd.o(i.LCD_DrawPoint) refers to lcd.o(i.LCD_WriteRAM_Prepare) for LCD_WriteRAM_Prepare
    lcd.o(i.LCD_DrawPoint) refers to lcd.o(.data) for POINT_COLOR
    lcd.o(i.LCD_DrawRectangle) refers to lcd.o(i.LCD_DrawLine) for LCD_DrawLine
    lcd.o(i.LCD_Fast_DrawPoint) refers to lcd.o(i.LCD_WR_REG) for LCD_WR_REG
    lcd.o(i.LCD_Fast_DrawPoint) refers to lcd.o(i.LCD_WR_DATA) for LCD_WR_DATA
    lcd.o(i.LCD_Fast_DrawPoint) refers to lcd.o(i.LCD_WriteReg) for LCD_WriteReg
    lcd.o(i.LCD_Fast_DrawPoint) refers to lcd.o(.bss) for lcddev
    lcd.o(i.LCD_Fill) refers to lcd.o(i.LCD_SetCursor) for LCD_SetCursor
    lcd.o(i.LCD_Fill) refers to lcd.o(i.LCD_WriteRAM_Prepare) for LCD_WriteRAM_Prepare
    lcd.o(i.LCD_Fill) refers to lcd.o(i.LCD_WR_DATA) for LCD_WR_DATA
    lcd.o(i.LCD_Fill) refers to lcd.o(.bss) for lcddev
    lcd.o(i.LCD_Init) refers to stm32f10x_rcc.o(i.RCC_AHBPeriphClockCmd) for RCC_AHBPeriphClockCmd
    lcd.o(i.LCD_Init) refers to stm32f10x_rcc.o(i.RCC_APB2PeriphClockCmd) for RCC_APB2PeriphClockCmd
    lcd.o(i.LCD_Init) refers to stm32f10x_gpio.o(i.GPIO_Init) for GPIO_Init
    lcd.o(i.LCD_Init) refers to stm32f10x_fsmc.o(i.FSMC_NORSRAMInit) for FSMC_NORSRAMInit
    lcd.o(i.LCD_Init) refers to stm32f10x_fsmc.o(i.FSMC_NORSRAMCmd) for FSMC_NORSRAMCmd
    lcd.o(i.LCD_Init) refers to delay.o(i.delay_ms) for delay_ms
    lcd.o(i.LCD_Init) refers to lcd.o(i.LCD_WriteReg) for LCD_WriteReg
    lcd.o(i.LCD_Init) refers to lcd.o(i.LCD_ReadReg) for LCD_ReadReg
[...]
    I2C1_EV_IRQHandler                       0x0800015f   Thumb Code     0  startup_stm32f10x_xl.o(.text)
    I2C2_ER_IRQHandler                       0x0800015f   Thumb Code     0  startup_stm32f10x_xl.o(.text)
    I2C2_EV_IRQHandler                       0x0800015f   Thumb Code     0  startup_stm32f10x_xl.o(.text)
    PVD_IRQHandler                           0x0800015f   Thumb Code     0  startup_stm32f10x_xl.o(.text)
    RCC_IRQHandler                           0x0800015f   Thumb Code     0  startup_stm32f10x_xl.o(.text)
    RTCAlarm_IRQHandler                      0x0800015f   Thumb Code     0  startup_stm32f10x_xl.o(.text)
    RTC_IRQHandler                           0x0800015f   Thumb Code     0  startup_stm32f10x_xl.o(.text)
    SDIO_IRQHandler                          0x0800015f   Thumb Code     0  startup_stm32f10x_xl.o(.text)
    SPI1_IRQHandler                          0x0800015f   Thumb Code     0  startup_stm32f10x_xl.o(.text)
    SPI2_IRQHandler                          0x0800015f   Thumb Code     0  startup_stm32f10x_xl.o(.text)
    SPI3_IRQHandler                          0x0800015f   Thumb Code     0  startup_stm32f10x_xl.o(.text)
    TAMPER_IRQHandler                        0x0800015f   Thumb Code     0  startup_stm32f10x_xl.o(.text)
    TIM1_BRK_TIM9_IRQHandler                 0x0800015f   Thumb Code     0  startup_stm32f10x_xl.o(.text)
    TIM1_CC_IRQHandler                       0x0800015f   Thumb Code     0  startup_stm32f10x_xl.o(.text)
    TIM1_TRG_COM_TIM11_IRQHandler            0x0800015f   Thumb Code     0  startup_stm32f10x_xl.o(.text)
    TIM1_UP_TIM10_IRQHandler                 0x0800015f   Thumb Code     0  startup_stm32f10x_xl.o(.text)
    TIM2_IRQHandler                          0x0800015f   Thumb Code     0  startup_stm32f10x_xl.o(.text)
    TIM3_IRQHandler                          0x0800015f   Thumb Code     0  startup_stm32f10x_xl.o(.text)
    TIM4_IRQHandler                          0x0800015f   Thumb Code     0  startup_stm32f10x_xl.o(.text)
    TIM5_IRQHandler                          0x0800015f   Thumb Code     0  startup_stm32f10x_xl.o(.text)
    TIM6_IRQHandler                          0x0800015f   Thumb Code     0  startup_stm32f10x_xl.o(.text)
    TIM7_IRQHandler                          0x0800015f   Thumb Code     0  startup_stm32f10x_xl.o(.text)
    TIM8_BRK_TIM12_IRQHandler                0x0800015f   Thumb Code     0  startup_stm32f10x_xl.o(.text)
    TIM8_CC_IRQHandler                       0x0800015f   Thumb Code     0  startup_stm32f10x_xl.o(.text)
    TIM8_TRG_COM_TIM14_IRQHandler            0x0800015f   Thumb Code     0  startup_stm32f10x_xl.o(.text)
    TIM8_UP_TIM13_IRQHandler                 0x0800015f   Thumb Code     0  startup_stm32f10x_xl.o(.text)
    UART4_IRQHandler                         0x0800015f   Thumb Code     0  startup_stm32f10x_xl.o(.text)
    UART5_IRQHandler                         0x0800015f   Thumb Code     0  startup_stm32f10x_xl.o(.text)
    USART2_IRQHandler                        0x0800015f   Thumb Code     0  startup_stm32f10x_xl.o(.text)
    USART3_IRQHandler                        0x0800015f   Thumb Code     0  startup_stm32f10x_xl.o(.text)
    USBWakeUp_IRQHandler                     0x0800015f   Thumb Code     0  startup_stm32f10x_xl.o(.text)
    USB_HP_CAN1_TX_IRQHandler                0x0800015f   Thumb Code     0  startup_stm32f10x_xl.o(.text)
    USB_LP_CAN1_RX0_IRQHandler               0x0800015f   Thumb Code     0  startup_stm32f10x_xl.o(.text)
    WWDG_IRQHandler                          0x0800015f   Thumb Code     0  startup_stm32f10x_xl.o(.text)
    ___aeabi_memcpy8$move                    0x08000169   Thumb Code     0  memmovea.o(.text)
    __aeabi_memcpy                           0x08000169   Thumb Code    64  memmovea.o(.text)
    __aeabi_memcpy4                          0x08000169   Thumb Code     0  memmovea.o(.text)
    __aeabi_memmove                          0x08000169   Thumb Code     0  memmovea.o(.text)
    __aeabi_memmove4                         0x08000169   Thumb Code     0  memmovea.o(.text)
    __aeabi_memmove8                         0x08000169   Thumb Code     0  memmovea.o(.text)
    __aeabi_uldivmod                         0x080001a9   Thumb Code    98  uldiv.o(.text)
    __scatterload                            0x0800020d   Thumb Code    28  init.o(.text)
    __scatterload_rt2                        0x0800020d   Thumb Code     0  init.o(.text)
    __aeabi_llsl                             0x08000231   Thumb Code    30  llshl.o(.text)
    _ll_shift_l                              0x08000231   Thumb Code     0  llshl.o(.text)
    __aeabi_llsr                             0x0800024f   Thumb Code    32  llushr.o(.text)
    _ll_ushift_r                             0x0800024f   Thumb Code     0  llushr.o(.text)
    __decompress                             0x0800026f   Thumb Code     0  __dczerorl2.o(.text)
    __decompress1                            0x0800026f   Thumb Code    86  __dczerorl2.o(.text)
    BusFault_Handler                         0x080002c5   Thumb Code     4  stm32f10x_it.o(i.BusFault_Handler)
    DebugMon_Handler                         0x080002c9   Thumb Code     2  stm32f10x_it.o(i.DebugMon_Handler)
    FSMC_NORSRAMCmd                          0x080002cd   Thumb Code    46  stm32f10x_fsmc.o(i.FSMC_NORSRAMCmd)
    FSMC_NORSRAMInit                         0x08000301   Thumb Code   230  stm32f10x_fsmc.o(i.FSMC_NORSRAMInit)
    GPIO_Init                                0x080003e7   Thumb Code   278  stm32f10x_gpio.o(i.GPIO_Init)
    GUIMONO_DispChar                         0x080004fd   Thumb Code   304  gui_charm.o(i.GUIMONO_DispChar)
    GUIMONO_GetCharDistX                     0x08000631   Thumb Code    18  gui_charm.o(i.GUIMONO_GetCharDistX)
    GUIMONO_GetFontInfo                      0x08000649   Thumb Code     6  gui_charm.o(i.GUIMONO_GetFontInfo)
    GUIMONO_IsInFont                         0x0800064f   Thumb Code    56  gui_charm.o(i.GUIMONO_IsInFont)
    GUIPROP_DispChar                         0x08000689   Thumb Code   194  gui_charp.o(i.GUIPROP_DispChar)
    GUIPROP_GetCharDistX                     0x08000751   Thumb Code    60  gui_charp.o(i.GUIPROP_GetCharDistX)
    GUIPROP_GetFontInfo                      0x08000791   Thumb Code     6  gui_charp.o(i.GUIPROP_GetFontInfo)
    GUIPROP_IsInFont                         0x08000797   Thumb Code    16  gui_charp.o(i.GUIPROP_IsInFont)
    GUIPROP__FindChar                        0x080007a7   Thumb Code    22  gui_charp.o(i.GUIPROP__FindChar)
    GUI_ALLOC_AllocNoInit                    0x080007bd   Thumb Code    10  gui_alloc.o(i.GUI_ALLOC_AllocNoInit)
    GUI_ALLOC_AllocZero                      0x080007c7   Thumb Code    36  gui_alloc_alloczero.o(i.GUI_ALLOC_AllocZero)
    GUI_ALLOC_AssignMemory                   0x080007ed   Thumb Code    12  gui_alloc.o(i.GUI_ALLOC_AssignMemory)
    GUI_ALLOC_Free                           0x080007fd   Thumb Code    50  gui_alloc.o(i.GUI_ALLOC_Free)
    GUI_ALLOC_FreeFixedBlock                 0x08000835   Thumb Code    18  gui_alloc.o(i.GUI_ALLOC_FreeFixedBlock)
    GUI_ALLOC_GetFixedBlock                  0x0800084d   Thumb Code   170  gui_alloc.o(i.GUI_ALLOC_GetFixedBlock)
    GUI_ALLOC_LockH                          0x080008fd   Thumb Code    24  gui_alloc.o(i.GUI_ALLOC_LockH)
    GUI_ALLOC_UnlockH                        0x08000919   Thumb Code    42  gui_alloc.o(i.GUI_ALLOC_UnlockH)
    GUI_ALLOC_h2p                            0x08000949   Thumb Code    20  gui_alloc.o(i.GUI_ALLOC_h2p)
    GUI_CalcColorDist                        0x08000961   Thumb Code    60  gui_calccolordist.o(i.GUI_CalcColorDist)
    GUI_Clear                                0x0800099d   Thumb Code    28  gui_core.o(i.GUI_Clear)
    GUI_ClearRect                            0x080009b9   Thumb Code    90  gui_core.o(i.GUI_ClearRect)
    GUI_DEVICE_Create                        0x08000a19   Thumb Code    76  gui_device.o(i.GUI_DEVICE_Create)
    GUI_DEVICE_CreateAndLink                 0x08000a69   Thumb Code    36  gui_device.o(i.GUI_DEVICE_CreateAndLink)
    GUI_DEVICE_Delete                        0x08000a91   Thumb Code     4  gui_device.o(i.GUI_DEVICE_Delete)
    GUI_DEVICE_Link                          0x08000a95   Thumb Code   130  gui_device.o(i.GUI_DEVICE_Link)
    GUI_DEVICE_Unlink                        0x08000b1d   Thumb Code     4  gui_device.o(i.GUI_DEVICE_Unlink)
    GUI_DEVICE__GetpDriver                   0x08000b21   Thumb Code    32  gui_device.o(i.GUI_DEVICE__GetpDriver)
    GUI_DispString                           0x08000b45   Thumb Code   252  gui_dispstring.o(i.GUI_DispString)
    GUI_DispStringAt                         0x08000c45   Thumb Code    12  gui_dispstringat.o(i.GUI_DispStringAt)
    GUI_GetBitsPerPixelEx                    0x08000c55   Thumb Code    14  lcd_getex.o(i.GUI_GetBitsPerPixelEx)
    GUI_GetBkColor                           0x08000c69   Thumb Code    14  gui_getcolor.o(i.GUI_GetBkColor)
    GUI_GetCharDistX                         0x08000c79   Thumb Code    12  gui_char.o(i.GUI_GetCharDistX)
    GUI_GetCharDistXEx                       0x08000c89   Thumb Code    10  gui_char.o(i.GUI_GetCharDistXEx)
    GUI_GetColor                             0x08000c99   Thumb Code    14  gui_getcolor.o(i.GUI_GetColor)
    GUI_GetFontDistY                         0x08000ca9   Thumb Code    10  gui_char.o(i.GUI_GetFontDistY)
    GUI_GetYAdjust                           0x08000cb9   Thumb Code    42  gui_char.o(i.GUI_GetYAdjust)
    GUI_GetpfColor2IndexEx                   0x08000ce9   Thumb Code    12  lcd_getex.o(i.GUI_GetpfColor2IndexEx)
    GUI_GetpfIndex2ColorEx                   0x08000cf9   Thumb Code    12  lcd_getex.o(i.GUI_GetpfIndex2ColorEx)
    GUI_GotoXY                               0x08000d09   Thumb Code    20  gui_goto.o(i.GUI_GotoXY)
    GUI_Init                                 0x08000d1d   Thumb Code    74  gui_core.o(i.GUI_Init)
    GUI_MEMDEV_Delete                        0x08000d81   Thumb Code    58  guidev.o(i.GUI_MEMDEV_Delete)
    GUI_MEMDEV_GetBitsPerPixel               0x08000dc1   Thumb Code    36  guidev.o(i.GUI_MEMDEV_GetBitsPerPixel)
    GUI_MEMDEV_GetDataPtr                    0x08000de5   Thumb Code    22  guidev_getdataptr.o(i.GUI_MEMDEV_GetDataPtr)
    GUI_MEMDEV__WriteToActiveOpaque          0x08000dfb   Thumb Code    60  guidev_writetoactiveopaque.o(i.GUI_MEMDEV__WriteToActiveOpaque)
    GUI_MergeRect                            0x08000e37   Thumb Code    88  gui_mergerect.o(i.GUI_MergeRect)
    GUI_MoveRect                             0x08000e8f   Thumb Code    30  gui_moverect.o(i.GUI_MoveRect)
    GUI_RectsIntersect                       0x08000ead   Thumb Code    56  gui_rectsintersect.o(i.GUI_RectsIntersect)
    GUI_SelectLCD                            0x08000ee5   Thumb Code    18  gui_selectlcd.o(i.GUI_SelectLCD)
    GUI_SelectLayer                          0x08000ef9   Thumb Code    28  gui_selectlayer.o(i.GUI_SelectLayer)
    GUI_SetBkColor                           0x08000f1d   Thumb Code     4  gui_setcolor.o(i.GUI_SetBkColor)
    GUI_SetColor                             0x08000f21   Thumb Code     4  gui_setcolor.o(i.GUI_SetColor)
    GUI_SetDefaultFont                       0x08000f25   Thumb Code     6  gui_core.o(i.GUI_SetDefaultFont)
    GUI_SetFont                              0x08000f31   Thumb Code    14  gui_setfont.o(i.GUI_SetFont)
    GUI_SetOrg                               0x08000f45   Thumb Code    38  gui_setorg.o(i.GUI_SetOrg)
    GUI_SignalEvent                          0x08000f7d   Thumb Code    12  gui_waitevent.o(i.GUI_SignalEvent)
    GUI_StoreKey                             0x08000f8d   Thumb Code    12  gui_onkey.o(i.GUI_StoreKey)
    GUI_UC__GetCharCodeInc                   0x08000f9d   Thumb Code    38  gui_uc.o(i.GUI_UC__GetCharCodeInc)
    GUI_UC__NumChars2NumBytes                0x08000fc9   Thumb Code    36  gui_uc.o(i.GUI_UC__NumChars2NumBytes)
    GUI_USAGE_AddRect                        0x08000ff1   Thumb Code    40  guidev_usage.o(i.GUI_USAGE_AddRect)
    GUI_USAGE_DecUseCnt                      0x08001019   Thumb Code    36  guidev_usage.o(i.GUI_USAGE_DecUseCnt)
    GUI_X_Config                             0x0800103d   Thumb Code    20  guiconf.o(i.GUI_X_Config)
    GUI_X_ExecIdle                           0x08001059   Thumb Code     2  gui_x.o(i.GUI_X_ExecIdle)
    GUI_X_Init                               0x0800105b   Thumb Code     2  gui_x.o(i.GUI_X_Init)
    GUI__CompactPixelIndices                 0x0800105d   Thumb Code   292  gui__compactpixelindices.o(i.GUI__CompactPixelIndices)
    GUI__Config                              0x08001181   Thumb Code    42  gui_core.o(i.GUI__Config)
    GUI__DispLine                            0x080011b5   Thumb Code   166  gui_charline.o(i.GUI__DispLine)
    GUI__GetLineDistX                        0x08001265   Thumb Code    74  gui_charline.o(i.GUI__GetLineDistX)
    GUI__GetLineNumChars                     0x080012b9   Thumb Code    52  gui_charline.o(i.GUI__GetLineNumChars)
    GUI__GetOverlap                          0x080012f1   Thumb Code    24  gui_charline.o(i.GUI__GetOverlap)
    GUI__IntersectRect                       0x08001309   Thumb Code    58  gui__intersectrect.o(i.GUI__IntersectRect)
    GUI__IntersectRects                      0x08001343   Thumb Code    82  gui__intersectrects.o(i.GUI__IntersectRects)
    GUI__ManageCache                         0x08001395   Thumb Code    12  gui__managecache.o(i.GUI__ManageCache)
    GUI__ManageCacheEx                       0x080013a5   Thumb Code   196  gui__managecache.o(i.GUI__ManageCacheEx)
    GUI__RegisterExit                        0x0800146d   Thumb Code    10  gui_core.o(i.GUI__RegisterExit)
    GUI__memset                              0x0800147d   Thumb Code    76  gui__memset.o(i.GUI__memset)
    GUI__memset16                            0x080014c9   Thumb Code    60  gui__memset16.o(i.GUI__memset16)
    HardFault_Handler                        0x08001505   Thumb Code     4  stm32f10x_it.o(i.HardFault_Handler)
    LCD_BGR2RGB                              0x08001509   Thumb Code    26  lcd.o(i.LCD_BGR2RGB)
    LCD_Clear                                0x08001525   Thumb Code   100  lcd.o(i.LCD_Clear)
    LCD_Color2Index                          0x08001591   Thumb Code    18  lcd.o(i.LCD_Color2Index)
    LCD_Display_Dir                          0x080015ad   Thumb Code   420  lcd.o(i.LCD_Display_Dir)
    LCD_DrawBitmap                           0x08001755   Thumb Code   504  lcd.o(i.LCD_DrawBitmap)
    LCD_DrawHLine                            0x08001959   Thumb Code    78  lcd.o(i.LCD_DrawHLine)
    LCD_DrawPixel                            0x080019b1   Thumb Code    96  lcd.o(i.LCD_DrawPixel)
    LCD_Fast_DrawPoint                       0x08001a19   Thumb Code   276  lcd.o(i.LCD_Fast_DrawPoint)
    LCD_Fill                                 0x08001b35   Thumb Code   178  lcd.o(i.LCD_Fill)
    LCD_FillRect                             0x08001bed   Thumb Code    80  lcd.o(i.LCD_FillRect)
    LCD_GetBitsPerPixelEx                    0x08001c45   Thumb Code     6  lcd_getex.o(i.LCD_GetBitsPerPixelEx)
    LCD_GetBkColorIndex                      0x08001c4d   Thumb Code    10  lcd_getcolorindex.o(i.LCD_GetBkColorIndex)
    LCD_GetColorIndex                        0x08001c5d   Thumb Code    10  lcd_getcolorindex.o(i.LCD_GetColorIndex)
    LCD_GetNumColors                         0x08001c6d   Thumb Code    12  lcd_getex.o(i.LCD_GetNumColors)
    LCD_GetNumColorsEx                       0x08001c7d   Thumb Code     6  lcd_getex.o(i.LCD_GetNumColorsEx)
    LCD_GetNumLayers                         0x08001c83   Thumb Code    26  lcd_getnumdisplays.o(i.LCD_GetNumLayers)
    LCD_GetPalette                           0x08001c9d   Thumb Code    10  lcd_getex.o(i.LCD_GetPalette)
    LCD_GetPaletteEx                         0x08001cad   Thumb Code    24  lcd_getex.o(i.LCD_GetPaletteEx)
    LCD_GetpPalConvTableBM                   0x08001cc5   Thumb Code     4  lcd_color.o(i.LCD_GetpPalConvTableBM)
    LCD_GetpPalConvTableUncached             0x08001cc9   Thumb Code    68  lcd_color.o(i.LCD_GetpPalConvTableUncached)
    LCD_Index2Color                          0x08001d11   Thumb Code    18  lcd.o(i.LCD_Index2Color)
    LCD_Index2Color_M565                     0x08001d2d   Thumb Code    34  guicc_m565.o(i.LCD_Index2Color_M565)
    LCD_Init                                 0x08001d59   Thumb Code 14090  lcd.o(i.LCD_Init)
    LCD_InitColors                           0x0800546d   Thumb Code    42  lcd_color.o(i.LCD_InitColors)
    LCD_InitLUT                              0x080054a1   Thumb Code   104  lcd_color.o(i.LCD_InitLUT)
    LCD_RD_DATA                              0x08005511   Thumb Code     6  lcd.o(i.LCD_RD_DATA)
    LCD_ReadPoint                            0x0800551d   Thumb Code   350  lcd.o(i.LCD_ReadPoint)
    LCD_ReadReg                              0x08005685   Thumb Code    22  lcd.o(i.LCD_ReadReg)
    LCD_Scan_Dir                             0x0800569d   Thumb Code   708  lcd.o(i.LCD_Scan_Dir)
    LCD_SelectLCD                            0x08005965   Thumb Code    54  lcd_selectlcd.o(i.LCD_SelectLCD)
    LCD_SetBkColor                           0x080059a5   Thumb Code     8  lcd.o(i.LCD_SetBkColor)
    LCD_SetBkColorIndex                      0x080059b1   Thumb Code    20  lcd.o(i.LCD_SetBkColorIndex)
    LCD_SetClipRectEx                        0x080059c9   Thumb Code    38  lcd_setcliprectex.o(i.LCD_SetClipRectEx)
    LCD_SetClipRectMax                       0x080059f9   Thumb Code    20  lcd.o(i.LCD_SetClipRectMax)
    LCD_SetColor                             0x08005a15   Thumb Code     8  lcd.o(i.LCD_SetColor)
    LCD_SetColorIndex                        0x08005a21   Thumb Code    20  lcd.o(i.LCD_SetColorIndex)
    LCD_SetCursor                            0x08005a39   Thumb Code   262  lcd.o(i.LCD_SetCursor)
    LCD_SetDrawMode                          0x08005b45   Thumb Code     8  lcd.o(i.LCD_SetDrawMode)
    LCD_SetLUTEntryEx                        0x08005b51   Thumb Code    44  lcd_set.o(i.LCD_SetLUTEntryEx)
    LCD_SetSizeEx                            0x08005b7d   Thumb Code    44  lcd_set.o(i.LCD_SetSizeEx)
    LCD_SetVSizeEx                           0x08005ba9   Thumb Code    44  lcd_set.o(i.LCD_SetVSizeEx)
    LCD_UpdateColorIndices                   0x08005bd5   Thumb Code    32  lcd_updatecolorindices.o(i.LCD_UpdateColorIndices)
    LCD_WR_DATA                              0x08005bf9   Thumb Code     6  lcd.o(i.LCD_WR_DATA)
    LCD_WR_REG                               0x08005c05   Thumb Code     6  lcd.o(i.LCD_WR_REG)
    LCD_WriteRAM_Prepare                     0x08005c11   Thumb Code    10  lcd.o(i.LCD_WriteRAM_Prepare)
    LCD_WriteReg                             0x08005c25   Thumb Code    10  lcd.o(i.LCD_WriteReg)
    LCD_X_Config                             0x08005c35   Thumb Code    40  lcdconf_flexcolor_template.o(i.LCD_X_Config)
    LCD_X_DisplayDriver                      0x08005c69   Thumb Code    26  lcdconf_flexcolor_template.o(i.LCD_X_DisplayDriver)
    LCD__DrawBitmap_1bpp                     0x08005c85   Thumb Code   424  lcd.o(i.LCD__DrawBitmap_1bpp)
    LCD__GetBPP                              0x08005e39   Thumb Code    92  lcd_getex.o(i.LCD__GetBPP)
    LCD__GetBPPDevice                        0x08005e95   Thumb Code    50  lcd_getex.o(i.LCD__GetBPPDevice)
    MemManage_Handler                        0x08005ec7   Thumb Code     4  stm32f10x_it.o(i.MemManage_Handler)
    NMI_Handler                              0x08005ecb   Thumb Code     2  stm32f10x_it.o(i.NMI_Handler)
    NVIC_Configuration                       0x08005ecd   Thumb Code    12  sys.o(i.NVIC_Configuration)
    NVIC_Init                                0x08005ed9   Thumb Code   100  misc.o(i.NVIC_Init)
    NVIC_PriorityGroupConfig                 0x08005f49   Thumb Code    10  misc.o(i.NVIC_PriorityGroupConfig)
    PendSV_Handler                           0x08005f5d   Thumb Code     2  stm32f10x_it.o(i.PendSV_Handler)
    RCC_AHBPeriphClockCmd                    0x08005f61   Thumb Code    26  stm32f10x_rcc.o(i.RCC_AHBPeriphClockCmd)
    RCC_APB1PeriphResetCmd                   0x08005f81   Thumb Code    26  stm32f10x_rcc.o(i.RCC_APB1PeriphResetCmd)
    RCC_APB2PeriphClockCmd                   0x08005fa1   Thumb Code    26  stm32f10x_rcc.o(i.RCC_APB2PeriphClockCmd)
    RCC_APB2PeriphResetCmd                   0x08005fc1   Thumb Code    26  stm32f10x_rcc.o(i.RCC_APB2PeriphResetCmd)
    RCC_GetClocksFreq                        0x08005fe1   Thumb Code   192  stm32f10x_rcc.o(i.RCC_GetClocksFreq)
    SVC_Handler                              0x080060b5   Thumb Code     2  stm32f10x_it.o(i.SVC_Handler)
    SysTick_CLKSourceConfig                  0x080061a1   Thumb Code    40  misc.o(i.SysTick_CLKSourceConfig)
    SysTick_Handler                          0x080061c9   Thumb Code     2  stm32f10x_it.o(i.SysTick_Handler)
    SystemInit                               0x080061cd   Thumb Code    78  system_stm32f10x.o(i.SystemInit)
    USART1_IRQHandler                        0x0800622d   Thumb Code   122  usart.o(i.USART1_IRQHandler)
    USART_Cmd                                0x080062b5   Thumb Code    24  stm32f10x_usart.o(i.USART_Cmd)
    USART_DeInit                             0x080062cd   Thumb Code   134  stm32f10x_usart.o(i.USART_DeInit)
    USART_GetITStatus                        0x08006369   Thumb Code    84  stm32f10x_usart.o(i.USART_GetITStatus)
    USART_ITConfig                           0x080063bd   Thumb Code    74  stm32f10x_usart.o(i.USART_ITConfig)
    USART_Init                               0x08006409   Thumb Code   210  stm32f10x_usart.o(i.USART_Init)
    USART_ReceiveData                        0x080064e1   Thumb Code    10  stm32f10x_usart.o(i.USART_ReceiveData)
    UsageFault_Handler                       0x080064eb   Thumb Code     4  stm32f10x_it.o(i.UsageFault_Handler)
    WM_Activate                              0x080064f1   Thumb Code    12  wm.o(i.WM_Activate)
    WM_BringToBottom                         0x08006501   Thumb Code   126  wm_bringtobottom.o(i.WM_BringToBottom)
    WM_CreateWindowAsChild                   0x08006581   Thumb Code   316  wm.o(i.WM_CreateWindowAsChild)
    WM_DefaultProc                           0x080066c9   Thumb Code    70  wm.o(i.WM_DefaultProc)
    WM_GetDesktopWindow                      0x08006711   Thumb Code    14  wm_getdesktopwindow.o(i.WM_GetDesktopWindow)
    WM_GetFirstChild                         0x08006729   Thumb Code    14  wm_getfirstchild.o(i.WM_GetFirstChild)
    WM_GetParent                             0x08006737   Thumb Code    14  wm_getparent.o(i.WM_GetParent)
    WM_Init                                  0x08006745   Thumb Code   184  wm.o(i.WM_Init)
    WM_InvalidateRect                        0x08006819   Thumb Code   118  wm.o(i.WM_InvalidateRect)
    WM_InvalidateWindow                      0x0800688f   Thumb Code     6  wm.o(i.WM_InvalidateWindow)
    WM_InvalidateWindowAndDescsEx            0x08006895   Thumb Code    94  wm.o(i.WM_InvalidateWindowAndDescsEx)
    WM_SelectWindow                          0x080068f5   Thumb Code    52  wm.o(i.WM_SelectWindow)
    WM_SendToParent                          0x08006931   Thumb Code    30  wm_sendtoparent.o(i.WM_SendToParent)
    WM_SetCreateFlags                        0x08006951   Thumb Code    10  wm_setcreateflags.o(i.WM_SetCreateFlags)
    WM__ActivateClipRect                     0x08006961   Thumb Code    58  wm.o(i.WM__ActivateClipRect)
    WM__AddCriticalHandle                    0x080069a9   Thumb Code    10  wm_criticalhandle.o(i.WM__AddCriticalHandle)
    WM__Client2Screen                        0x080069b9   Thumb Code    16  wm.o(i.WM__Client2Screen)
    WM__ClipAtParentBorders                  0x080069c9   Thumb Code    78  wm.o(i.WM__ClipAtParentBorders)
    WM__GetClientRectEx                      0x08006a17   Thumb Code    32  wm_getclientrect.o(i.WM__GetClientRectEx)
    WM__GetClientRectWin                     0x08006a37   Thumb Code    24  wm.o(i.WM__GetClientRectWin)
    WM__GetFirstSibling                      0x08006a4f   Thumb Code    18  wm__getfirstsibling.o(i.WM__GetFirstSibling)
    WM__GetNextIVR                           0x08006a61   Thumb Code    54  wm.o(i.WM__GetNextIVR)
    WM__GetPrevSibling                       0x08006aa1   Thumb Code    36  wm__getprevsibling.o(i.WM__GetPrevSibling)
    WM__GetTopLevelLayer                     0x08006ac5   Thumb Code    24  wm.o(i.WM__GetTopLevelLayer)
    WM__InitIVRSearch                        0x08006add   Thumb Code   228  wm.o(i.WM__InitIVRSearch)
    WM__InsertWindowIntoList                 0x08006bcd   Thumb Code   164  wm.o(i.WM__InsertWindowIntoList)
    WM__Invalidate1Abs                       0x08006c71   Thumb Code     6  wm.o(i.WM__Invalidate1Abs)
    WM__InvalidateDrawAndDescs               0x08006c79   Thumb Code    78  wm.o(i.WM__InvalidateDrawAndDescs)
    WM__InvalidateRect                       0x08006ccd   Thumb Code   118  wm.o(i.WM__InvalidateRect)
    WM__InvalidateRectEx                     0x08006d43   Thumb Code     6  wm.o(i.WM__InvalidateRectEx)
    WM__RectIsNZ                             0x08006d49   Thumb Code    32  wm.o(i.WM__RectIsNZ)
    WM__SelectTopLevelLayer                  0x08006d69   Thumb Code    20  wm.o(i.WM__SelectTopLevelLayer)
    WM__SendMessage                          0x08006d7d   Thumb Code    54  wm__sendmessage.o(i.WM__SendMessage)
    WM__SendMsgNoData                        0x08006db9   Thumb Code    14  wm.o(i.WM__SendMsgNoData)
    __0printf$5                              0x08009345   Thumb Code    22  printf5.o(i.__0printf$5)
    __1printf$5                              0x08009345   Thumb Code     0  printf5.o(i.__0printf$5)
    __2printf                                0x08009345   Thumb Code     0  printf5.o(i.__0printf$5)
    __scatterload_copy                       0x08009365   Thumb Code    14  handlers.o(i.__scatterload_copy)
    __scatterload_null                       0x08009373   Thumb Code     2  handlers.o(i.__scatterload_null)
    __scatterload_zeroinit                   0x08009375   Thumb Code    14  handlers.o(i.__scatterload_zeroinit)
    delay_init                               0x08009695   Thumb Code    50  delay.o(i.delay_init)
    delay_ms                                 0x080096d9   Thumb Code    72  delay.o(i.delay_ms)
    delay_us                                 0x08009725   Thumb Code    72  delay.o(i.delay_us)
    emWin_LCD_Init                           0x08009771   Thumb Code   138  lcd.o(i.emWin_LCD_Init)
    fputc                                    0x080097fd   Thumb Code    24  usart.o(i.fputc)
    main                                     0x08009819   Thumb Code    78  main.o(i.main)
    opt_delay                                0x0800987d   Thumb Code    14  lcd.o(i.opt_delay)
    uart_init                                0x0800988d   Thumb Code   158  usart.o(i.uart_init)
    GUIDRV_Template_API                      0x08009934   Data          52  guidrv_template.o(.constdata)
    LCD_API_ColorConv_M565                   0x08009970   Data          24  guicc_m565.o(.constdata)
    GUI_Font6x8                              0x0800a07c   Data          36  f6x8.o(.constdata)
    GUI_Font24B_ASCII_CharInfo               0x0800b078   Data         760  f24b_ascii.o(.constdata)
    GUI_Font24B_ASCII                        0x0800b37c   Data          36  f24b_ascii.o(.constdata)
    GUI_MEMDEV_DEVICE_16                     0x0800b3e0   Data          52  guidev_16.o(.constdata)
    GUI__aConvert_31_255                     0x0800b414   Data          32  gui__divtbl_31_255.o(.constdata)
    GUI__aConvert_63_255                     0x0800b434   Data          64  gui__divtbl_63_255.o(.constdata)
    GUI__aConvert_255_31                     0x0800b474   Data         256  gui__divtbl_255_31.o(.constdata)
    GUI__aConvert_255_63                     0x0800b574   Data         256  gui__divtbl_255_63.o(.constdata)
    GUI_UC_None                              0x0800b674   Data          16  gui_uc_encodenone.o(.constdata)
    LCD_aMirror                              0x0800b690   Data         256  lcd_mirror.o(.constdata)
    LCD_API_ColorConv_0                      0x0800b798   Data          24  guicc_0.o(.constdata)
    Region$$Table$$Base                      0x0800b7b0   Number         0  anon$$obj.o(Region$$Table)
    Region$$Table$$Limit                     0x0800b7d0   Number         0  anon$$obj.o(Region$$Table)
    __stdout                                 0x20000018   Data           4  usart.o(.data)
    USART_RX_STA                             0x2000001c   Data           2  usart.o(.data)
    SystemCoreClock                          0x20000020   Data           4  system_stm32f10x.o(.data)
    AHBPrescTable                            0x20000024   Data          16  system_stm32f10x.o(.data)
    UCGUI_LCD_CMD                            0x20000034   Data           4  guidrv_template.o(.data)
    UCGUI_LCD_DATA                           0x20000038   Data           4  guidrv_template.o(.data)
    GUI_DecChar                              0x20000044   Data           1  gui_core.o(.data)
    GUI_pfGetpPalConvTable                   0x20000048   Data           4  gui_core.o(.data)
    GUI__pFontDefault                        0x2000004c   Data           4  gui_core.o(.data)
    GUI_pContext                             0x20000050   Data           4  gui_core.o(.data)
    GUI_pUC_API                              0x20000054   Data           4  gui_core.o(.data)
    GUI__apDevice                            0x20000068   Data           8  gui_core.o(.data)
    GUI_pfDispCharStyle                      0x20000070   Data           4  gui_core.o(.data)
    GUI_pLCD_APIList                         0x20000074   Data           4  gui_core.o(.data)
    GUI_OrgX                                 0x20000078   Data           2  gui_core.o(.data)
    GUI_OrgY                                 0x2000007a   Data           2  gui_core.o(.data)
    LCD__pSetColorAPI                        0x20000088   Data           4  lcd.o(.data)
    LCD__aConvTable                          0x20000090   Data           4  lcd_color.o(.data)
    WM__PaintCallbackCnt                     0x2000009c   Data           1  wm.o(.data)
    WM__NumWindows                           0x2000009e   Data           2  wm.o(.data)
    WM__NumInvalidWindows                    0x200000a0   Data           2  wm.o(.data)
    WM__TouchedLayer                         0x200000a4   Data           4  wm.o(.data)
    WM__FirstWin                             0x200000a8   Data           4  wm.o(.data)
    WM__pFirstCriticalHandle                 0x200000ac   Data           4  wm.o(.data)
    WM__CreateFlags                          0x200000b0   Data           4  wm.o(.data)
    WM_pfPollPID                             0x200000b4   Data           4  wm.o(.data)
    WM_MULTIBUF__pAPI                        0x200000b8   Data           4  wm.o(.data)
    WM__TransWindowCnt                       0x200000bc   Data           4  wm.o(.data)
    WM__hATransWindow                        0x200000c0   Data           4  wm.o(.data)
    WM__hCreateStatic                        0x200000c4   Data           4  wm.o(.data)
    WM__pExecGestures                        0x200000c8   Data           4  wm.o(.data)
    WM__ahDesktopWin                         0x200000dc   Data           8  wm.o(.data)
    WM__aBkColor                             0x200000e4   Data           8  wm.o(.data)
    WM__ahCapture                            0x200000ec   Data           8  wm.o(.data)
    WM__ahWinFocus                           0x200000f4   Data           8  wm.o(.data)
    GUI_CharLine_pfLog2Vis                   0x20000110   Data           4  gui_charline.o(.data)
    lcddev                                   0x20000130   Data          14  lcd.o(.bss)
    USART_RX_BUF                             0x2000013e   Data         200  usart.o(.bss)
    GUI_ALLOC__Context                       0x20002a08   Data         188  gui_alloc.o(.bss)
    WM__aCHWinModal                          0x20002bc8   Data          16  wm_touch.o(.bss)
    WM__aCHWinLast                           0x20002bd8   Data          16  wm_touch.o(.bss)
    WM__aCHWinMouseOver                      0x20002be8   Data          16  wm_touch.o(.bss)
    __initial_sp                             0x20002ff8   Data           0  startup_stm32f10x_xl.o(STACK)



==============================================================================

Memory Map of the image

  Image Entry point : 0x08000131

  Load Region LR_IROM1 (Base: 0x08000000, Size: 0x0000b900, Max: 0x00080000, ABSOLUTE, COMPRESSED[0x0000b818])

    Execution Region ER_IROM1 (Base: 0x08000000, Size: 0x0000b7d0, Max: 0x00080000, ABSOLUTE)

    Base Addr    Size         Type   Attr      Idx    E Section Name        Object

    0x08000000   0x00000130   Data   RO           19    RESET               startup_stm32f10x_xl.o
    0x08000130   0x00000000   Code   RO         2956  * .ARM.Collect$$$$00000000  mc_w.l(entry.o)
    0x08000130   0x00000004   Code   RO         3230    .ARM.Collect$$$$00000001  mc_w.l(entry2.o)
    0x08000134   0x00000004   Code   RO         3233    .ARM.Collect$$$$00000004  mc_w.l(entry5.o)
    0x08000138   0x00000000   Code   RO         3235    .ARM.Collect$$$$00000008  mc_w.l(entry7b.o)
    0x08000138   0x00000000   Code   RO         3237    .ARM.Collect$$$$0000000A  mc_w.l(entry8b.o)
    0x08000138   0x00000008   Code   RO         3238    .ARM.Collect$$$$0000000B  mc_w.l(entry9a.o)
    0x08000140   0x00000000   Code   RO         3240    .ARM.Collect$$$$0000000D  mc_w.l(entry10a.o)
    0x08000140   0x00000000   Code   RO         3242    .ARM.Collect$$$$0000000F  mc_w.l(entry11a.o)
    0x08000140   0x00000004   Code   RO         3231    .ARM.Collect$$$$00002712  mc_w.l(entry2.o)
    0x08000144   0x00000024   Code   RO           20    .text               startup_stm32f10x_xl.o
    0x08000168   0x00000040   Code   RO         2961    .text               mc_w.l(memmovea.o)
    0x080001a8   0x00000062   Code   RO         3246    .text               mc_w.l(uldiv.o)
    0x0800020a   0x00000002   PAD
    0x0800020c   0x00000024   Code   RO         3259    .text               mc_w.l(init.o)
    0x08000230   0x0000001e   Code   RO         3261    .text               mc_w.l(llshl.o)
    0x0800024e   0x00000020   Code   RO         3263    .text               mc_w.l(llushr.o)
    0x0800026e   0x00000056   Code   RO         3277    .text               mc_w.l(__dczerorl2.o)
    0x080002c4   0x00000004   Code   RO         1169    i.BusFault_Handler  stm32f10x_it.o
    0x080002c8   0x00000002   Code   RO         1170    i.DebugMon_Handler  stm32f10x_it.o
    0x080002ca   0x00000002   PAD
    0x080002cc   0x00000034   Code   RO          468    i.FSMC_NORSRAMCmd   stm32f10x_fsmc.o
    0x08000300   0x000000e6   Code   RO          470    i.FSMC_NORSRAMInit  stm32f10x_fsmc.o
    0x080003e6   0x00000116   Code   RO           30    i.GPIO_Init         stm32f10x_gpio.o
    0x080004fc   0x00000134   Code   RO         1970    i.GUIMONO_DispChar  STemWin526_CM3_Keil.lib(gui_charm.o)
    0x08000630   0x00000018   Code   RO         1971    i.GUIMONO_GetCharDistX  STemWin526_CM3_Keil.lib(gui_charm.o)
    0x08000648   0x00000006   Code   RO         1972    i.GUIMONO_GetFontInfo  STemWin526_CM3_Keil.lib(gui_charm.o)
    0x0800064e   0x00000038   Code   RO         1973    i.GUIMONO_IsInFont  STemWin526_CM3_Keil.lib(gui_charm.o)
    0x08000686   0x00000002   PAD
    0x08000688   0x000000c8   Code   RO         1978    i.GUIPROP_DispChar  STemWin526_CM3_Keil.lib(gui_charp.o)
    0x08000750   0x00000040   Code   RO         1979    i.GUIPROP_GetCharDistX  STemWin526_CM3_Keil.lib(gui_charp.o)
    0x08000790   0x00000006   Code   RO         1980    i.GUIPROP_GetFontInfo  STemWin526_CM3_Keil.lib(gui_charp.o)
    0x08000796   0x00000010   Code   RO         1981    i.GUIPROP_IsInFont  STemWin526_CM3_Keil.lib(gui_charp.o)
    0x080007a6   0x00000016   Code   RO         1982    i.GUIPROP__FindChar  STemWin526_CM3_Keil.lib(gui_charp.o)
    0x080007bc   0x0000000a   Code   RO         1546    i.GUI_ALLOC_AllocNoInit  STemWin526_CM3_Keil.lib(gui_alloc.o)
    0x080007c6   0x00000024   Code   RO         2216    i.GUI_ALLOC_AllocZero  STemWin526_CM3_Keil.lib(gui_alloc_alloczero.o)
    0x080007ea   0x00000002   PAD
    0x080007ec   0x00000010   Code   RO         1547    i.GUI_ALLOC_AssignMemory  STemWin526_CM3_Keil.lib(gui_alloc.o)
    0x080007fc   0x00000038   Code   RO         1548    i.GUI_ALLOC_Free    STemWin526_CM3_Keil.lib(gui_alloc.o)
    0x08000834   0x00000018   Code   RO         1549    i.GUI_ALLOC_FreeFixedBlock  STemWin526_CM3_Keil.lib(gui_alloc.o)
    0x0800084c   0x000000b0   Code   RO         1552    i.GUI_ALLOC_GetFixedBlock  STemWin526_CM3_Keil.lib(gui_alloc.o)
    0x080008fc   0x0000001c   Code   RO         1560    i.GUI_ALLOC_LockH   STemWin526_CM3_Keil.lib(gui_alloc.o)
    0x08000918   0x00000030   Code   RO         1565    i.GUI_ALLOC_UnlockH  STemWin526_CM3_Keil.lib(gui_alloc.o)
    0x08000948   0x00000018   Code   RO         1566    i.GUI_ALLOC_h2p     STemWin526_CM3_Keil.lib(gui_alloc.o)
    0x08000960   0x0000003c   Code   RO         2466    i.GUI_CalcColorDist  STemWin526_CM3_Keil.lib(gui_calccolordist.o)
    0x0800099c   0x0000001c   Code   RO         1616    i.GUI_Clear         STemWin526_CM3_Keil.lib(gui_core.o)
    0x080009b8   0x00000060   Code   RO         1617    i.GUI_ClearRect     STemWin526_CM3_Keil.lib(gui_core.o)
    0x08000a18   0x00000050   Code   RO         1649    i.GUI_DEVICE_Create  STemWin526_CM3_Keil.lib(gui_device.o)
    0x08000a68   0x00000028   Code   RO         1650    i.GUI_DEVICE_CreateAndLink  STemWin526_CM3_Keil.lib(gui_device.o)
    0x08000a90   0x00000004   Code   RO         1651    i.GUI_DEVICE_Delete  STemWin526_CM3_Keil.lib(gui_device.o)
    0x08000a94   0x00000088   Code   RO         1652    i.GUI_DEVICE_Link   STemWin526_CM3_Keil.lib(gui_device.o)
    0x08000b1c   0x00000004   Code   RO         1654    i.GUI_DEVICE_Unlink  STemWin526_CM3_Keil.lib(gui_device.o)
    0x08000b20   0x00000024   Code   RO         1657    i.GUI_DEVICE__GetpDriver  STemWin526_CM3_Keil.lib(gui_device.o)
    0x08000b44   0x00000100   Code   RO         1988    i.GUI_DispString    STemWin526_CM3_Keil.lib(gui_dispstring.o)
    0x08000c44   0x00000010   Code   RO         1670    i.GUI_DispStringAt  STemWin526_CM3_Keil.lib(gui_dispstringat.o)
    0x08000c54   0x00000014   Code   RO         1692    i.GUI_GetBitsPerPixelEx  STemWin526_CM3_Keil.lib(lcd_getex.o)
    0x08000c68   0x0000000e   Code   RO         2243    i.GUI_GetBkColor    STemWin526_CM3_Keil.lib(gui_getcolor.o)
    0x08000c76   0x00000002   PAD
    0x08000c78   0x00000010   Code   RO         2220    i.GUI_GetCharDistX  STemWin526_CM3_Keil.lib(gui_char.o)
    0x08000c88   0x00000010   Code   RO         2221    i.GUI_GetCharDistXEx  STemWin526_CM3_Keil.lib(gui_char.o)
    0x08000c98   0x0000000e   Code   RO         2245    i.GUI_GetColor      STemWin526_CM3_Keil.lib(gui_getcolor.o)
    0x08000ca6   0x00000002   PAD
    0x08000ca8   0x00000010   Code   RO         2222    i.GUI_GetFontDistY  STemWin526_CM3_Keil.lib(gui_char.o)
    0x08000cb8   0x00000030   Code   RO         2223    i.GUI_GetYAdjust    STemWin526_CM3_Keil.lib(gui_char.o)
    0x08000ce8   0x00000010   Code   RO         1693    i.GUI_GetpfColor2IndexEx  STemWin526_CM3_Keil.lib(lcd_getex.o)
    0x08000cf8   0x00000010   Code   RO         1694    i.GUI_GetpfIndex2ColorEx  STemWin526_CM3_Keil.lib(lcd_getex.o)
    0x08000d08   0x00000014   Code   RO         1991    i.GUI_GotoXY        STemWin526_CM3_Keil.lib(gui_goto.o)
    0x08000d1c   0x00000064   Code   RO         1619    i.GUI_Init          STemWin526_CM3_Keil.lib(gui_core.o)
    0x08000d80   0x00000040   Code   RO         2350    i.GUI_MEMDEV_Delete  STemWin526_CM3_Keil.lib(guidev.o)
    0x08000dc0   0x00000024   Code   RO         2351    i.GUI_MEMDEV_GetBitsPerPixel  STemWin526_CM3_Keil.lib(guidev.o)
    0x08000de4   0x00000016   Code   RO         2373    i.GUI_MEMDEV_GetDataPtr  STemWin526_CM3_Keil.lib(guidev_getdataptr.o)
    0x08000dfa   0x0000003c   Code   RO         2073    i.GUI_MEMDEV__WriteToActiveOpaque  STemWin526_CM3_Keil.lib(guidev_writetoactiveopaque.o)
    0x08000e36   0x00000058   Code   RO         2251    i.GUI_MergeRect     STemWin526_CM3_Keil.lib(gui_mergerect.o)
    0x08000e8e   0x0000001e   Code   RO         2253    i.GUI_MoveRect      STemWin526_CM3_Keil.lib(gui_moverect.o)
    0x08000eac   0x00000038   Code   RO         2275    i.GUI_RectsIntersect  STemWin526_CM3_Keil.lib(gui_rectsintersect.o)
    0x08000ee4   0x00000012   Code   RO         2532    i.GUI_SelectLCD     STemWin526_CM3_Keil.lib(gui_selectlcd.o)
    0x08000ef6   0x00000002   PAD
    0x08000ef8   0x00000024   Code   RO         2285    i.GUI_SelectLayer   STemWin526_CM3_Keil.lib(gui_selectlayer.o)
    0x08000f1c   0x00000004   Code   RO         1672    i.GUI_SetBkColor    STemWin526_CM3_Keil.lib(gui_setcolor.o)
    0x08000f20   0x00000004   Code   RO         1673    i.GUI_SetColor      STemWin526_CM3_Keil.lib(gui_setcolor.o)
    0x08000f24   0x0000000c   Code   RO         1620    i.GUI_SetDefaultFont  STemWin526_CM3_Keil.lib(gui_core.o)
    0x08000f30   0x00000014   Code   RO         1676    i.GUI_SetFont       STemWin526_CM3_Keil.lib(gui_setfont.o)
    0x08000f44   0x00000038   Code   RO         2000    i.GUI_SetOrg        STemWin526_CM3_Keil.lib(gui_setorg.o)
    0x08000f7c   0x00000010   Code   RO         2321    i.GUI_SignalEvent   STemWin526_CM3_Keil.lib(gui_waitevent.o)
    0x08000f8c   0x00000010   Code   RO         2260    i.GUI_StoreKey      STemWin526_CM3_Keil.lib(gui_onkey.o)
    0x08000f9c   0x0000002c   Code   RO         2308    i.GUI_UC__GetCharCodeInc  STemWin526_CM3_Keil.lib(gui_uc.o)
    0x08000fc8   0x00000028   Code   RO         2310    i.GUI_UC__NumChars2NumBytes  STemWin526_CM3_Keil.lib(gui_uc.o)
    0x08000ff0   0x00000028   Code   RO         2067    i.GUI_USAGE_AddRect  STemWin526_CM3_Keil.lib(guidev_usage.o)
    0x08001018   0x00000024   Code   RO         2068    i.GUI_USAGE_DecUseCnt  STemWin526_CM3_Keil.lib(guidev_usage.o)
    0x0800103c   0x0000001c   Code   RO         1329    i.GUI_X_Config      guiconf.o
    0x08001058   0x00000002   Code   RO         1268    i.GUI_X_ExecIdle    gui_x.o
    0x0800105a   0x00000002   Code   RO         1270    i.GUI_X_Init        gui_x.o
    0x0800105c   0x00000124   Code   RO         2199    i.GUI__CompactPixelIndices  STemWin526_CM3_Keil.lib(gui__compactpixelindices.o)
    0x08001180   0x00000034   Code   RO         1622    i.GUI__Config       STemWin526_CM3_Keil.lib(gui_core.o)
    0x080011b4   0x000000b0   Code   RO         2230    i.GUI__DispLine     STemWin526_CM3_Keil.lib(gui_charline.o)
    0x08001264   0x00000054   Code   RO         2231    i.GUI__GetLineDistX  STemWin526_CM3_Keil.lib(gui_charline.o)
    0x080012b8   0x00000038   Code   RO         2232    i.GUI__GetLineNumChars  STemWin526_CM3_Keil.lib(gui_charline.o)
    0x080012f0   0x00000018   Code   RO         2233    i.GUI__GetOverlap   STemWin526_CM3_Keil.lib(gui_charline.o)
    0x08001308   0x0000003a   Code   RO         2203    i.GUI__IntersectRect  STemWin526_CM3_Keil.lib(gui__intersectrect.o)
    0x08001342   0x00000052   Code   RO         2205    i.GUI__IntersectRects  STemWin526_CM3_Keil.lib(gui__intersectrects.o)
    0x08001394   0x00000010   Code   RO         2208    i.GUI__ManageCache  STemWin526_CM3_Keil.lib(gui__managecache.o)
    0x080013a4   0x000000c8   Code   RO         2209    i.GUI__ManageCacheEx  STemWin526_CM3_Keil.lib(gui__managecache.o)
    0x0800146c   0x00000010   Code   RO         1623    i.GUI__RegisterExit  STemWin526_CM3_Keil.lib(gui_core.o)
    0x0800147c   0x0000004c   Code   RO         1966    i.GUI__memset       STemWin526_CM3_Keil.lib(gui__memset.o)
    0x080014c8   0x0000003c   Code   RO         1968    i.GUI__memset16     STemWin526_CM3_Keil.lib(gui__memset16.o)
    0x08001504   0x00000004   Code   RO         1171    i.HardFault_Handler  stm32f10x_it.o
    0x08001508   0x0000001a   Code   RO          758    i.LCD_BGR2RGB       lcd.o
    0x08001522   0x00000002   PAD
    0x08001524   0x0000006c   Code   RO          759    i.LCD_Clear         lcd.o
    0x08001590   0x0000001c   Code   RO         2013    i.LCD_Color2Index   STemWin526_CM3_Keil.lib(lcd.o)
    0x080015ac   0x000001a8   Code   RO          763    i.LCD_Display_Dir   lcd.o
    0x08001754   0x00000204   Code   RO         2014    i.LCD_DrawBitmap    STemWin526_CM3_Keil.lib(lcd.o)
    0x08001958   0x00000058   Code   RO         2015    i.LCD_DrawHLine     STemWin526_CM3_Keil.lib(lcd.o)
    0x080019b0   0x00000068   Code   RO         2016    i.LCD_DrawPixel     STemWin526_CM3_Keil.lib(lcd.o)
    0x08001a18   0x0000011c   Code   RO          767    i.LCD_Fast_DrawPoint  lcd.o
    0x08001b34   0x000000b8   Code   RO          768    i.LCD_Fill          lcd.o
    0x08001bec   0x00000058   Code   RO         2018    i.LCD_FillRect      STemWin526_CM3_Keil.lib(lcd.o)
    0x08001c44   0x00000006   Code   RO         1696    i.LCD_GetBitsPerPixelEx  STemWin526_CM3_Keil.lib(lcd_getex.o)
    0x08001c4a   0x00000002   PAD
    0x08001c4c   0x00000010   Code   RO         2660    i.LCD_GetBkColorIndex  STemWin526_CM3_Keil.lib(lcd_getcolorindex.o)
    0x08001c5c   0x00000010   Code   RO         2661    i.LCD_GetColorIndex  STemWin526_CM3_Keil.lib(lcd_getcolorindex.o)
    0x08001c6c   0x00000010   Code   RO         1703    i.LCD_GetNumColors  STemWin526_CM3_Keil.lib(lcd_getex.o)
    0x08001c7c   0x00000006   Code   RO         1704    i.LCD_GetNumColorsEx  STemWin526_CM3_Keil.lib(lcd_getex.o)
    0x08001c82   0x0000001a   Code   RO         2342    i.LCD_GetNumLayers  STemWin526_CM3_Keil.lib(lcd_getnumdisplays.o)
    0x08001c9c   0x00000010   Code   RO         1705    i.LCD_GetPalette    STemWin526_CM3_Keil.lib(lcd_getex.o)
    0x08001cac   0x00000018   Code   RO         1706    i.LCD_GetPaletteEx  STemWin526_CM3_Keil.lib(lcd_getex.o)
    0x08001cc4   0x00000004   Code   RO         2052    i.LCD_GetpPalConvTableBM  STemWin526_CM3_Keil.lib(lcd_color.o)
    0x08001cc8   0x00000048   Code   RO         2053    i.LCD_GetpPalConvTableUncached  STemWin526_CM3_Keil.lib(lcd_color.o)
    0x08001d10   0x0000001c   Code   RO         2019    i.LCD_Index2Color   STemWin526_CM3_Keil.lib(lcd.o)
    0x08001d2c   0x0000002c   Code   RO         1679    i.LCD_Index2Color_M565  STemWin526_CM3_Keil.lib(guicc_m565.o)
    0x08001d58   0x00003714   Code   RO          769    i.LCD_Init          lcd.o
    0x0800546c   0x00000034   Code   RO         2054    i.LCD_InitColors    STemWin526_CM3_Keil.lib(lcd_color.o)
    0x080054a0   0x00000070   Code   RO         2055    i.LCD_InitLUT       STemWin526_CM3_Keil.lib(lcd_color.o)
    0x08005510   0x0000000c   Code   RO          771    i.LCD_RD_DATA       lcd.o
    0x0800551c   0x00000168   Code   RO          772    i.LCD_ReadPoint     lcd.o
    0x08005684   0x00000016   Code   RO          773    i.LCD_ReadReg       lcd.o
    0x0800569a   0x00000002   PAD
    0x0800569c   0x000002c8   Code   RO          774    i.LCD_Scan_Dir      lcd.o
    0x08005964   0x00000040   Code   RO         2921    i.LCD_SelectLCD     STemWin526_CM3_Keil.lib(lcd_selectlcd.o)
    0x080059a4   0x0000000c   Code   RO         2020    i.LCD_SetBkColor    STemWin526_CM3_Keil.lib(lcd.o)
    0x080059b0   0x00000018   Code   RO         2021    i.LCD_SetBkColorIndex  STemWin526_CM3_Keil.lib(lcd.o)
    0x080059c8   0x00000030   Code   RO         2344    i.LCD_SetClipRectEx  STemWin526_CM3_Keil.lib(lcd_setcliprectex.o)
    0x080059f8   0x0000001c   Code   RO         2022    i.LCD_SetClipRectMax  STemWin526_CM3_Keil.lib(lcd.o)
    0x08005a14   0x0000000c   Code   RO         2023    i.LCD_SetColor      STemWin526_CM3_Keil.lib(lcd.o)
    0x08005a20   0x00000018   Code   RO         2024    i.LCD_SetColorIndex  STemWin526_CM3_Keil.lib(lcd.o)
    0x08005a38   0x0000010c   Code   RO          775    i.LCD_SetCursor     lcd.o
    0x08005b44   0x0000000c   Code   RO         2025    i.LCD_SetDrawMode   STemWin526_CM3_Keil.lib(lcd.o)
    0x08005b50   0x0000002c   Code   RO         1784    i.LCD_SetLUTEntryEx  STemWin526_CM3_Keil.lib(lcd_set.o)
    0x08005b7c   0x0000002c   Code   RO         1788    i.LCD_SetSizeEx     STemWin526_CM3_Keil.lib(lcd_set.o)
    0x08005ba8   0x0000002c   Code   RO         1792    i.LCD_SetVSizeEx    STemWin526_CM3_Keil.lib(lcd_set.o)
    0x08005bd4   0x00000024   Code   RO         2664    i.LCD_UpdateColorIndices  STemWin526_CM3_Keil.lib(lcd_updatecolorindices.o)
    0x08005bf8   0x0000000c   Code   RO          781    i.LCD_WR_DATA       lcd.o
    0x08005c04   0x0000000c   Code   RO          782    i.LCD_WR_REG        lcd.o
    0x08005c10   0x00000014   Code   RO          784    i.LCD_WriteRAM_Prepare  lcd.o
    0x08005c24   0x00000010   Code   RO          785    i.LCD_WriteReg      lcd.o
    0x08005c34   0x00000034   Code   RO         1515    i.LCD_X_Config      lcdconf_flexcolor_template.o
    0x08005c68   0x0000001a   Code   RO         1516    i.LCD_X_DisplayDriver  lcdconf_flexcolor_template.o
    0x08005c82   0x00000002   PAD
    0x08005c84   0x000001b4   Code   RO         2026    i.LCD__DrawBitmap_1bpp  STemWin526_CM3_Keil.lib(lcd.o)
    0x08005e38   0x0000005c   Code   RO         1727    i.LCD__GetBPP       STemWin526_CM3_Keil.lib(lcd_getex.o)
    0x08005e94   0x00000032   Code   RO         1728    i.LCD__GetBPPDevice  STemWin526_CM3_Keil.lib(lcd_getex.o)
    0x08005ec6   0x00000004   Code   RO         1172    i.MemManage_Handler  stm32f10x_it.o
    0x08005eca   0x00000002   Code   RO         1173    i.NMI_Handler       stm32f10x_it.o
    0x08005ecc   0x0000000c   Code   RO         1038    i.NVIC_Configuration  sys.o
    0x08005ed8   0x00000070   Code   RO          221    i.NVIC_Init         misc.o
    0x08005f48   0x00000014   Code   RO          222    i.NVIC_PriorityGroupConfig  misc.o
    0x08005f5c   0x00000002   Code   RO         1174    i.PendSV_Handler    stm32f10x_it.o
    0x08005f5e   0x00000002   PAD
    0x08005f60   0x00000020   Code   RO          258    i.RCC_AHBPeriphClockCmd  stm32f10x_rcc.o
    0x08005f80   0x00000020   Code   RO          260    i.RCC_APB1PeriphResetCmd  stm32f10x_rcc.o
    0x08005fa0   0x00000020   Code   RO          261    i.RCC_APB2PeriphClockCmd  stm32f10x_rcc.o
    0x08005fc0   0x00000020   Code   RO          262    i.RCC_APB2PeriphResetCmd  stm32f10x_rcc.o
    0x08005fe0   0x000000d4   Code   RO          269    i.RCC_GetClocksFreq  stm32f10x_rcc.o
    0x080060b4   0x00000002   Code   RO         1175    i.SVC_Handler       stm32f10x_it.o
    0x080060b6   0x00000008   Code   RO         1232    i.SetSysClock       system_stm32f10x.o
    0x080060be   0x00000002   PAD
    0x080060c0   0x000000e0   Code   RO         1233    i.SetSysClockTo72   system_stm32f10x.o
    0x080061a0   0x00000028   Code   RO          225    i.SysTick_CLKSourceConfig  misc.o
    0x080061c8   0x00000002   Code   RO         1176    i.SysTick_Handler   stm32f10x_it.o
    0x080061ca   0x00000002   PAD
    0x080061cc   0x00000060   Code   RO         1235    i.SystemInit        system_stm32f10x.o
    0x0800622c   0x00000088   Code   RO          997    i.USART1_IRQHandler  usart.o
    0x080062b4   0x00000018   Code   RO          581    i.USART_Cmd         stm32f10x_usart.o
    0x080062cc   0x0000009c   Code   RO          583    i.USART_DeInit      stm32f10x_usart.o
    0x08006368   0x00000054   Code   RO          585    i.USART_GetITStatus  stm32f10x_usart.o
    0x080063bc   0x0000004a   Code   RO          587    i.USART_ITConfig    stm32f10x_usart.o
    0x08006406   0x00000002   PAD
    0x08006408   0x000000d8   Code   RO          588    i.USART_Init        stm32f10x_usart.o
    0x080064e0   0x0000000a   Code   RO          595    i.USART_ReceiveData  stm32f10x_usart.o
    0x080064ea   0x00000004   Code   RO         1177    i.UsageFault_Handler  stm32f10x_it.o
    0x080064ee   0x00000002   PAD
    0x080064f0   0x00000010   Code   RO         2084    i.WM_Activate       STemWin526_CM3_Keil.lib(wm.o)
    0x08006500   0x0000007e   Code   RO         2397    i.WM_BringToBottom  STemWin526_CM3_Keil.lib(wm_bringtobottom.o)
    0x0800657e   0x00000002   PAD
    0x08006580   0x00000148   Code   RO         2086    i.WM_CreateWindowAsChild  STemWin526_CM3_Keil.lib(wm.o)
    0x080066c8   0x00000046   Code   RO         2088    i.WM_DefaultProc    STemWin526_CM3_Keil.lib(wm.o)
    0x0800670e   0x00000002   PAD
    0x08006710   0x00000018   Code   RO         2197    i.WM_GetDesktopWindow  STemWin526_CM3_Keil.lib(wm_getdesktopwindow.o)
    0x08006728   0x0000000e   Code   RO         2409    i.WM_GetFirstChild  STemWin526_CM3_Keil.lib(wm_getfirstchild.o)
    0x08006736   0x0000000e   Code   RO         2756    i.WM_GetParent      STemWin526_CM3_Keil.lib(wm_getparent.o)
    0x08006744   0x000000d4   Code   RO         2092    i.WM_Init           STemWin526_CM3_Keil.lib(wm.o)
    0x08006818   0x00000076   Code   RO         2093    i.WM_InvalidateRect  STemWin526_CM3_Keil.lib(wm.o)
    0x0800688e   0x00000006   Code   RO         2094    i.WM_InvalidateWindow  STemWin526_CM3_Keil.lib(wm.o)
    0x08006894   0x0000005e   Code   RO         2095    i.WM_InvalidateWindowAndDescsEx  STemWin526_CM3_Keil.lib(wm.o)
    0x080068f2   0x00000002   PAD
    0x080068f4   0x0000003c   Code   RO         2096    i.WM_SelectWindow   STemWin526_CM3_Keil.lib(wm.o)
    0x08006930   0x0000001e   Code   RO         2415    i.WM_SendToParent   STemWin526_CM3_Keil.lib(wm_sendtoparent.o)
    0x0800694e   0x00000002   PAD
    0x08006950   0x00000010   Code   RO         1960    i.WM_SetCreateFlags  STemWin526_CM3_Keil.lib(wm_setcreateflags.o)
    0x08006960   0x00000048   Code   RO         2099    i.WM__ActivateClipRect  STemWin526_CM3_Keil.lib(wm.o)
    0x080069a8   0x00000010   Code   RO         2399    i.WM__AddCriticalHandle  STemWin526_CM3_Keil.lib(wm_criticalhandle.o)
    0x080069b8   0x00000010   Code   RO         2100    i.WM__Client2Screen  STemWin526_CM3_Keil.lib(wm.o)
    0x080069c8   0x0000004e   Code   RO         2101    i.WM__ClipAtParentBorders  STemWin526_CM3_Keil.lib(wm.o)
    0x08006a16   0x00000020   Code   RO         2405    i.WM__GetClientRectEx  STemWin526_CM3_Keil.lib(wm_getclientrect.o)
    0x08006a36   0x00000018   Code   RO         2104    i.WM__GetClientRectWin  STemWin526_CM3_Keil.lib(wm.o)
    0x08006a4e   0x00000012   Code   RO         2925    i.WM__GetFirstSibling  STemWin526_CM3_Keil.lib(wm__getfirstsibling.o)
    0x08006a60   0x00000040   Code   RO         2105    i.WM__GetNextIVR    STemWin526_CM3_Keil.lib(wm.o)
    0x08006aa0   0x00000024   Code   RO         2736    i.WM__GetPrevSibling  STemWin526_CM3_Keil.lib(wm__getprevsibling.o)
    0x08006ac4   0x00000018   Code   RO         2106    i.WM__GetTopLevelLayer  STemWin526_CM3_Keil.lib(wm.o)
    0x08006adc   0x000000f0   Code   RO         2107    i.WM__InitIVRSearch  STemWin526_CM3_Keil.lib(wm.o)
    0x08006bcc   0x000000a4   Code   RO         2108    i.WM__InsertWindowIntoList  STemWin526_CM3_Keil.lib(wm.o)
    0x08006c70   0x00000006   Code   RO         2109    i.WM__Invalidate1Abs  STemWin526_CM3_Keil.lib(wm.o)
    0x08006c76   0x00000002   PAD
    0x08006c78   0x00000054   Code   RO         2110    i.WM__InvalidateDrawAndDescs  STemWin526_CM3_Keil.lib(wm.o)
    0x08006ccc   0x00000076   Code   RO         2112    i.WM__InvalidateRect  STemWin526_CM3_Keil.lib(wm.o)
    0x08006d42   0x00000006   Code   RO         2113    i.WM__InvalidateRectEx  STemWin526_CM3_Keil.lib(wm.o)
    0x08006d48   0x00000020   Code   RO         2118    i.WM__RectIsNZ      STemWin526_CM3_Keil.lib(wm.o)
    0x08006d68   0x00000014   Code   RO         2121    i.WM__SelectTopLevelLayer  STemWin526_CM3_Keil.lib(wm.o)
    0x08006d7c   0x0000003c   Code   RO         2394    i.WM__SendMessage   STemWin526_CM3_Keil.lib(wm__sendmessage.o)
    0x08006db8   0x0000000e   Code   RO         2122    i.WM__SendMsgNoData  STemWin526_CM3_Keil.lib(wm.o)
    0x08006dc6   0x00000002   PAD
    0x08006dc8   0x00000078   Code   RO         1568    i._AddFreeMemory    STemWin526_CM3_Keil.lib(gui_alloc.o)
    0x08006e40   0x000000bc   Code   RO         1569    i._Alloc            STemWin526_CM3_Keil.lib(gui_alloc.o)
    0x08006efc   0x00000004   Code   RO         2003    i._CalcSizeOfChar   STemWin526_CM3_Keil.lib(gui_uc_encodenone.o)
    0x08006f00   0x00000048   Code   RO         1680    i._Color2IndexBulk  STemWin526_CM3_Keil.lib(guicc_m565.o)
    0x08006f48   0x00000054   Code   RO         2333    i._Color2Index_0    STemWin526_CM3_Keil.lib(guicc_0.o)
    0x08006f9c   0x00000028   Code   RO         1681    i._Color2Index_M565  STemWin526_CM3_Keil.lib(guicc_m565.o)
    0x08006fc4   0x0000003e   Code   RO         2074    i._Convert16        STemWin526_CM3_Keil.lib(guidev_writetoactiveopaque.o)
    0x08007002   0x0000003e   Code   RO         2075    i._Convert8         STemWin526_CM3_Keil.lib(guidev_writetoactiveopaque.o)
    0x08007040   0x00000020   Code   RO         2124    i._DesktopHandle2Index  STemWin526_CM3_Keil.lib(wm.o)
    0x08007060   0x00000074   Code   RO         2234    i._DispLine         STemWin526_CM3_Keil.lib(gui_charline.o)
    0x080070d4   0x0000004c   Code   RO         1342    i._DrawBitLine16BPP  guidrv_template.o
    0x08007120   0x000000f0   Code   RO         1343    i._DrawBitLine1BPP  guidrv_template.o
    0x08007210   0x00000148   Code   RO         1925    i._DrawBitLine1BPP  STemWin526_CM3_Keil.lib(guidev_16.o)
    0x08007358   0x0000016c   Code   RO         1344    i._DrawBitLine2BPP  guidrv_template.o
    0x080074c4   0x000000e0   Code   RO         1926    i._DrawBitLine2BPP  STemWin526_CM3_Keil.lib(guidev_16.o)
    0x080075a4   0x0000002a   Code   RO         1345    i._DrawBitLine32BPP  guidrv_template.o
    0x080075ce   0x00000002   PAD
    0x080075d0   0x0000016c   Code   RO         1346    i._DrawBitLine4BPP  guidrv_template.o
    0x0800773c   0x00000160   Code   RO         1927    i._DrawBitLine4BPP  STemWin526_CM3_Keil.lib(guidev_16.o)
    0x0800789c   0x000000b0   Code   RO         1347    i._DrawBitLine8BPP  guidrv_template.o
    0x0800794c   0x000000fa   Code   RO         1348    i._DrawBitmap       guidrv_template.o
    0x08007a46   0x00000002   PAD
    0x08007a48   0x000002d8   Code   RO         1928    i._DrawBitmap       STemWin526_CM3_Keil.lib(guidev_16.o)
    0x08007d20   0x0000001a   Code   RO         1349    i._DrawHLine        guidrv_template.o
    0x08007d3a   0x0000000a   Code   RO         1929    i._DrawHLine        STemWin526_CM3_Keil.lib(guidev_16.o)
    0x08007d44   0x0000001a   Code   RO         1350    i._DrawVLine        guidrv_template.o
    0x08007d5e   0x00000002   PAD
    0x08007d60   0x000000b8   Code   RO         1930    i._DrawVLine        STemWin526_CM3_Keil.lib(guidev_16.o)
    0x08007e18   0x00000006   Code   RO         2004    i._Encode           STemWin526_CM3_Keil.lib(gui_uc_encodenone.o)
    0x08007e1e   0x00000002   PAD
    0x08007e20   0x00000098   Code   RO         1570    i._EnlargeBlocks    STemWin526_CM3_Keil.lib(gui_alloc.o)
    0x08007eb8   0x00000030   Code   RO         1351    i._FillRect         guidrv_template.o
    0x08007ee8   0x000000ac   Code   RO         1931    i._FillRect         STemWin526_CM3_Keil.lib(guidev_16.o)
    0x08007f94   0x00000148   Code   RO         2127    i._FindNext_IVR     STemWin526_CM3_Keil.lib(wm.o)
    0x080080dc   0x0000007c   Code   RO         2128    i._Findx0           STemWin526_CM3_Keil.lib(wm.o)
    0x08008158   0x00000072   Code   RO         2129    i._Findx1           STemWin526_CM3_Keil.lib(wm.o)
    0x080081ca   0x000000a6   Code   RO         2130    i._Findy1           STemWin526_CM3_Keil.lib(wm.o)
    0x08008270   0x00000004   Code   RO         2005    i._GetCharCode      STemWin526_CM3_Keil.lib(gui_uc_encodenone.o)
    0x08008274   0x00000004   Code   RO         2006    i._GetCharSize      STemWin526_CM3_Keil.lib(gui_uc_encodenone.o)
    0x08008278   0x00000014   Code   RO         1352    i._GetDevData       guidrv_template.o
    0x0800828c   0x00000010   Code   RO         1932    i._GetDevData       STemWin526_CM3_Keil.lib(guidev_16.o)
    0x0800829c   0x00000054   Code   RO         1353    i._GetDevFunc       guidrv_template.o
    0x080082f0   0x00000010   Code   RO         1933    i._GetDevFunc       STemWin526_CM3_Keil.lib(guidev_16.o)
    0x08008300   0x00000050   Code   RO         1354    i._GetDevProp       guidrv_template.o
    0x08008350   0x0000001e   Code   RO         1729    i._GetDevProp       STemWin526_CM3_Keil.lib(lcd_getex.o)
    0x0800836e   0x00000008   Code   RO         1934    i._GetDevProp       STemWin526_CM3_Keil.lib(guidev_16.o)
    0x08008376   0x00000052   Code   RO         2334    i._GetIndexMask_0   STemWin526_CM3_Keil.lib(guicc_0.o)
    0x080083c8   0x00000006   Code   RO         1682    i._GetIndexMask_M565  STemWin526_CM3_Keil.lib(guicc_m565.o)
    0x080083ce   0x00000002   PAD
    0x080083d0   0x0000001c   Code   RO         1571    i._GetMinIndex      STemWin526_CM3_Keil.lib(gui_alloc.o)
    0x080083ec   0x0000001a   Code   RO         1355    i._GetPixelIndex    guidrv_template.o
    0x08008406   0x0000000e   Code   RO         1935    i._GetPixelIndex    STemWin526_CM3_Keil.lib(guidev_16.o)
    0x08008414   0x0000001a   Code   RO         1356    i._GetRect          guidrv_template.o
    0x0800842e   0x00000030   Code   RO         1936    i._GetRect          STemWin526_CM3_Keil.lib(guidev_16.o)
    0x0800845e   0x00000002   PAD
    0x08008460   0x00000010   Code   RO         1993    i._GotoX            STemWin526_CM3_Keil.lib(gui_goto.o)
    0x08008470   0x00000010   Code   RO         1994    i._GotoY            STemWin526_CM3_Keil.lib(gui_goto.o)
    0x08008480   0x00000058   Code   RO         1683    i._Index2ColorBulk  STemWin526_CM3_Keil.lib(guicc_m565.o)
    0x080084d8   0x00000020   Code   RO         2335    i._Index2Color_0    STemWin526_CM3_Keil.lib(guicc_0.o)
    0x080084f8   0x0000001c   Code   RO         1357    i._Init             guidrv_template.o
    0x08008514   0x00000070   Code   RO         1624    i._InitContext      STemWin526_CM3_Keil.lib(gui_core.o)
    0x08008584   0x0000002c   Code   RO         1358    i._InitOnce         guidrv_template.o
    0x080085b0   0x000000a8   Code   RO         1572    i._InitOnce         STemWin526_CM3_Keil.lib(gui_alloc.o)
    0x08008658   0x00000080   Code   RO         2131    i._Invalidate1Abs   STemWin526_CM3_Keil.lib(wm.o)
    0x080086d8   0x00000002   Code   RO         2235    i._Log2VisBuffered  STemWin526_CM3_Keil.lib(gui_charline.o)
    0x080086da   0x00000010   Code   RO         1359    i._Off              guidrv_template.o
    0x080086ea   0x00000010   Code   RO         1360    i._On               guidrv_template.o
    0x080086fa   0x00000002   PAD
    0x080086fc   0x00000034   Code   RO         1573    i._OnExit           STemWin526_CM3_Keil.lib(gui_alloc.o)
    0x08008730   0x0000002c   Code   RO         1625    i._OnExit           STemWin526_CM3_Keil.lib(gui_core.o)
    0x0800875c   0x00000014   Code   RO         2057    i._OnExit           STemWin526_CM3_Keil.lib(lcd_color.o)
    0x08008770   0x00000034   Code   RO         2132    i._OnExit           STemWin526_CM3_Keil.lib(wm.o)
    0x080087a4   0x00000040   Code   RO         1574    i._PopFreeBlock     STemWin526_CM3_Keil.lib(gui_alloc.o)
    0x080087e4   0x00000028   Code   RO         1575    i._PushFreeBlock    STemWin526_CM3_Keil.lib(gui_alloc.o)
    0x0800880c   0x00000034   Code   RO         1576    i._RemoveFreeBlock  STemWin526_CM3_Keil.lib(gui_alloc.o)
    0x08008840   0x000000a0   Code   RO         1577    i._RemoveHoles      STemWin526_CM3_Keil.lib(gui_alloc.o)
    0x080088e0   0x00000020   Code   RO         2027    i._SetBkColor       STemWin526_CM3_Keil.lib(lcd.o)
    0x08008900   0x0000004c   Code   RO         2136    i._SetClipRectUserIntersect  STemWin526_CM3_Keil.lib(wm.o)
    0x0800894c   0x00000020   Code   RO         2028    i._SetColor         STemWin526_CM3_Keil.lib(lcd.o)
    0x0800896c   0x0000002c   Code   RO         2029    i._SetDrawMode      STemWin526_CM3_Keil.lib(lcd.o)
    0x08008998   0x00000020   Code   RO         1361    i._SetLUTEntry      guidrv_template.o
    0x080089b8   0x0000001e   Code   RO         1362    i._SetOrg           guidrv_template.o
    0x080089d6   0x00000008   Code   RO         1937    i._SetOrg           STemWin526_CM3_Keil.lib(guidev_16.o)
    0x080089de   0x0000001a   Code   RO         1363    i._SetPixelIndex    guidrv_template.o
    0x080089f8   0x00000048   Code   RO         1938    i._SetPixelIndex    STemWin526_CM3_Keil.lib(guidev_16.o)
    0x08008a40   0x0000003e   Code   RO         1364    i._SetSize          guidrv_template.o
    0x08008a7e   0x00000026   Code   RO         1365    i._SetVRAMAddr      guidrv_template.o
    0x08008aa4   0x00000020   Code   RO         1366    i._SetVSize         guidrv_template.o
    0x08008ac4   0x000000ea   Code   RO         1578    i._TestRAM          STemWin526_CM3_Keil.lib(gui_alloc.o)
    0x08008bae   0x00000002   PAD
    0x08008bb0   0x00000030   Code   RO         1658    i._UnlinkDevice     STemWin526_CM3_Keil.lib(gui_device.o)
    0x08008be0   0x0000000e   Code   RO         1579    i._WriteTagData     STemWin526_CM3_Keil.lib(gui_alloc.o)
    0x08008bee   0x00000002   PAD
    0x08008bf0   0x00000340   Code   RO         2076    i._WriteToActiveOpaque_8  STemWin526_CM3_Keil.lib(guidev_writetoactiveopaque.o)
    0x08008f30   0x00000354   Code   RO         2077    i._WriteToActiveOpaque_HT  STemWin526_CM3_Keil.lib(guidev_writetoactiveopaque.o)
    0x08009284   0x0000003c   Code   RO         1939    i._XY2PTR           STemWin526_CM3_Keil.lib(guidev_16.o)
    0x080092c0   0x00000030   Code   RO         1367    i._XorPixel         guidrv_template.o
    0x080092f0   0x00000054   Code   RO         1940    i._XorPixel         STemWin526_CM3_Keil.lib(guidev_16.o)
    0x08009344   0x00000020   Code   RO         3102    i.__0printf$5       mc_w.l(printf5.o)
    0x08009364   0x0000000e   Code   RO         3271    i.__scatterload_copy  mc_w.l(handlers.o)
    0x08009372   0x00000002   Code   RO         3272    i.__scatterload_null  mc_w.l(handlers.o)
    0x08009374   0x0000000e   Code   RO         3273    i.__scatterload_zeroinit  mc_w.l(handlers.o)
    0x08009382   0x00000002   PAD
    0x08009384   0x000002c0   Code   RO         3109    i._printf_core      mc_w.l(printf5.o)
    0x08009644   0x00000050   Code   RO         2138    i.cbBackWin         STemWin526_CM3_Keil.lib(wm.o)
    0x08009694   0x00000044   Code   RO          971    i.delay_init        delay.o
    0x080096d8   0x0000004c   Code   RO          972    i.delay_ms          delay.o
    0x08009724   0x0000004c   Code   RO          973    i.delay_us          delay.o
    0x08009770   0x0000008a   Code   RO         2030    i.emWin_LCD_Init    STemWin526_CM3_Keil.lib(lcd.o)
    0x080097fa   0x00000002   PAD
    0x080097fc   0x0000001c   Code   RO          999    i.fputc             usart.o
    0x08009818   0x00000064   Code   RO         1050    i.main              main.o
    0x0800987c   0x0000000e   Code   RO          786    i.opt_delay         lcd.o
    0x0800988a   0x00000002   PAD
    0x0800988c   0x000000a8   Code   RO         1000    i.uart_init         usart.o
    0x08009934   0x00000034   Data   RO         1368    .constdata          guidrv_template.o
    0x08009968   0x00000008   Data   RO         1627    .constdata          STemWin526_CM3_Keil.lib(gui_core.o)
    0x08009970   0x00000018   Data   RO         1684    .constdata          STemWin526_CM3_Keil.lib(guicc_m565.o)
    0x08009988   0x00000518   Data   RO         1820    .constdata          STemWin526_CM3_Keil.lib(f6x8.o)
    0x08009ea0   0x000001c0   Data   RO         1821    .constdata          STemWin526_CM3_Keil.lib(f6x8.o)
    0x0800a060   0x00000008   Data   RO         1822    .constdata          STemWin526_CM3_Keil.lib(f6x8.o)
    0x0800a068   0x00000014   Data   RO         1823    .constdata          STemWin526_CM3_Keil.lib(f6x8.o)
    0x0800a07c   0x00000024   Data   RO         1824    .constdata          STemWin526_CM3_Keil.lib(f6x8.o)
    0x0800a0a0   0x00000018   Data   RO         1826    .constdata          STemWin526_CM3_Keil.lib(f24b_ascii.o)
    0x0800a0b8   0x00000018   Data   RO         1827    .constdata          STemWin526_CM3_Keil.lib(f24b_ascii.o)
    0x0800a0d0   0x00000030   Data   RO         1828    .constdata          STemWin526_CM3_Keil.lib(f24b_ascii.o)
    0x0800a100   0x00000030   Data   RO         1829    .constdata          STemWin526_CM3_Keil.lib(f24b_ascii.o)
    0x0800a130   0x00000030   Data   RO         1830    .constdata          STemWin526_CM3_Keil.lib(f24b_ascii.o)
    0x0800a160   0x00000048   Data   RO         1831    .constdata          STemWin526_CM3_Keil.lib(f24b_ascii.o)
    0x0800a1a8   0x00000030   Data   RO         1832    .constdata          STemWin526_CM3_Keil.lib(f24b_ascii.o)
    0x0800a1d8   0x00000018   Data   RO         1833    .constdata          STemWin526_CM3_Keil.lib(f24b_ascii.o)
    0x0800a1f0   0x00000018   Data   RO         1834    .constdata          STemWin526_CM3_Keil.lib(f24b_ascii.o)
    0x0800a208   0x00000018   Data   RO         1835    .constdata          STemWin526_CM3_Keil.lib(f24b_ascii.o)
    0x0800a220   0x00000018   Data   RO         1836    .constdata          STemWin526_CM3_Keil.lib(f24b_ascii.o)
    0x0800a238   0x00000030   Data   RO         1837    .constdata          STemWin526_CM3_Keil.lib(f24b_ascii.o)
    0x0800a268   0x00000018   Data   RO         1838    .constdata          STemWin526_CM3_Keil.lib(f24b_ascii.o)
    0x0800a280   0x00000018   Data   RO         1839    .constdata          STemWin526_CM3_Keil.lib(f24b_ascii.o)
    0x0800a298   0x00000018   Data   RO         1840    .constdata          STemWin526_CM3_Keil.lib(f24b_ascii.o)
    0x0800a2b0   0x00000018   Data   RO         1841    .constdata          STemWin526_CM3_Keil.lib(f24b_ascii.o)
    0x0800a2c8   0x00000030   Data   RO         1842    .constdata          STemWin526_CM3_Keil.lib(f24b_ascii.o)
    0x0800a2f8   0x00000030   Data   RO         1843    .constdata          STemWin526_CM3_Keil.lib(f24b_ascii.o)
    0x0800a328   0x00000030   Data   RO         1844    .constdata          STemWin526_CM3_Keil.lib(f24b_ascii.o)
    0x0800a358   0x00000030   Data   RO         1845    .constdata          STemWin526_CM3_Keil.lib(f24b_ascii.o)
    0x0800a388   0x00000030   Data   RO         1846    .constdata          STemWin526_CM3_Keil.lib(f24b_ascii.o)
    0x0800a3b8   0x00000030   Data   RO         1847    .constdata          STemWin526_CM3_Keil.lib(f24b_ascii.o)
    0x0800a3e8   0x00000030   Data   RO         1848    .constdata          STemWin526_CM3_Keil.lib(f24b_ascii.o)
    0x0800a418   0x00000030   Data   RO         1849    .constdata          STemWin526_CM3_Keil.lib(f24b_ascii.o)
    0x0800a448   0x00000030   Data   RO         1850    .constdata          STemWin526_CM3_Keil.lib(f24b_ascii.o)
    0x0800a478   0x00000030   Data   RO         1851    .constdata          STemWin526_CM3_Keil.lib(f24b_ascii.o)
    0x0800a4a8   0x00000018   Data   RO         1852    .constdata          STemWin526_CM3_Keil.lib(f24b_ascii.o)
    0x0800a4c0   0x00000018   Data   RO         1853    .constdata          STemWin526_CM3_Keil.lib(f24b_ascii.o)
    0x0800a4d8   0x00000030   Data   RO         1854    .constdata          STemWin526_CM3_Keil.lib(f24b_ascii.o)
    0x0800a508   0x00000030   Data   RO         1855    .constdata          STemWin526_CM3_Keil.lib(f24b_ascii.o)
    0x0800a538   0x00000030   Data   RO         1856    .constdata          STemWin526_CM3_Keil.lib(f24b_ascii.o)
    0x0800a568   0x00000030   Data   RO         1857    .constdata          STemWin526_CM3_Keil.lib(f24b_ascii.o)
    0x0800a598   0x00000048   Data   RO         1858    .constdata          STemWin526_CM3_Keil.lib(f24b_ascii.o)
    0x0800a5e0   0x00000030   Data   RO         1859    .constdata          STemWin526_CM3_Keil.lib(f24b_ascii.o)
    0x0800a610   0x00000030   Data   RO         1860    .constdata          STemWin526_CM3_Keil.lib(f24b_ascii.o)
    0x0800a640   0x00000030   Data   RO         1861    .constdata          STemWin526_CM3_Keil.lib(f24b_ascii.o)
    0x0800a670   0x00000030   Data   RO         1862    .constdata          STemWin526_CM3_Keil.lib(f24b_ascii.o)
    0x0800a6a0   0x00000030   Data   RO         1863    .constdata          STemWin526_CM3_Keil.lib(f24b_ascii.o)
    0x0800a6d0   0x00000030   Data   RO         1864    .constdata          STemWin526_CM3_Keil.lib(f24b_ascii.o)
    0x0800a700   0x00000030   Data   RO         1865    .constdata          STemWin526_CM3_Keil.lib(f24b_ascii.o)
    0x0800a730   0x00000030   Data   RO         1866    .constdata          STemWin526_CM3_Keil.lib(f24b_ascii.o)
    0x0800a760   0x00000018   Data   RO         1867    .constdata          STemWin526_CM3_Keil.lib(f24b_ascii.o)
    0x0800a778   0x00000030   Data   RO         1868    .constdata          STemWin526_CM3_Keil.lib(f24b_ascii.o)
    0x0800a7a8   0x00000030   Data   RO         1869    .constdata          STemWin526_CM3_Keil.lib(f24b_ascii.o)
    0x0800a7d8   0x00000030   Data   RO         1870    .constdata          STemWin526_CM3_Keil.lib(f24b_ascii.o)
    0x0800a808   0x00000048   Data   RO         1871    .constdata          STemWin526_CM3_Keil.lib(f24b_ascii.o)
    0x0800a850   0x00000030   Data   RO         1872    .constdata          STemWin526_CM3_Keil.lib(f24b_ascii.o)
    0x0800a880   0x00000030   Data   RO         1873    .constdata          STemWin526_CM3_Keil.lib(f24b_ascii.o)
    0x0800a8b0   0x00000030   Data   RO         1874    .constdata          STemWin526_CM3_Keil.lib(f24b_ascii.o)
    0x0800a8e0   0x00000030   Data   RO         1875    .constdata          STemWin526_CM3_Keil.lib(f24b_ascii.o)
    0x0800a910   0x00000030   Data   RO         1876    .constdata          STemWin526_CM3_Keil.lib(f24b_ascii.o)
    0x0800a940   0x00000030   Data   RO         1877    .constdata          STemWin526_CM3_Keil.lib(f24b_ascii.o)
    0x0800a970   0x00000030   Data   RO         1878    .constdata          STemWin526_CM3_Keil.lib(f24b_ascii.o)
    0x0800a9a0   0x00000030   Data   RO         1879    .constdata          STemWin526_CM3_Keil.lib(f24b_ascii.o)
    0x0800a9d0   0x00000030   Data   RO         1880    .constdata          STemWin526_CM3_Keil.lib(f24b_ascii.o)
    0x0800aa00   0x00000048   Data   RO         1881    .constdata          STemWin526_CM3_Keil.lib(f24b_ascii.o)
    0x0800aa48   0x00000030   Data   RO         1882    .constdata          STemWin526_CM3_Keil.lib(f24b_ascii.o)
    0x0800aa78   0x00000030   Data   RO         1883    .constdata          STemWin526_CM3_Keil.lib(f24b_ascii.o)
    0x0800aaa8   0x00000030   Data   RO         1884    .constdata          STemWin526_CM3_Keil.lib(f24b_ascii.o)
    0x0800aad8   0x00000018   Data   RO         1885    .constdata          STemWin526_CM3_Keil.lib(f24b_ascii.o)
    0x0800aaf0   0x00000018   Data   RO         1886    .constdata          STemWin526_CM3_Keil.lib(f24b_ascii.o)
    0x0800ab08   0x00000018   Data   RO         1887    .constdata          STemWin526_CM3_Keil.lib(f24b_ascii.o)
    0x0800ab20   0x00000030   Data   RO         1888    .constdata          STemWin526_CM3_Keil.lib(f24b_ascii.o)
    0x0800ab50   0x00000030   Data   RO         1889    .constdata          STemWin526_CM3_Keil.lib(f24b_ascii.o)
    0x0800ab80   0x00000018   Data   RO         1890    .constdata          STemWin526_CM3_Keil.lib(f24b_ascii.o)
    0x0800ab98   0x00000030   Data   RO         1891    .constdata          STemWin526_CM3_Keil.lib(f24b_ascii.o)
    0x0800abc8   0x00000030   Data   RO         1892    .constdata          STemWin526_CM3_Keil.lib(f24b_ascii.o)
    0x0800abf8   0x00000030   Data   RO         1893    .constdata          STemWin526_CM3_Keil.lib(f24b_ascii.o)
    0x0800ac28   0x00000030   Data   RO         1894    .constdata          STemWin526_CM3_Keil.lib(f24b_ascii.o)
    0x0800ac58   0x00000030   Data   RO         1895    .constdata          STemWin526_CM3_Keil.lib(f24b_ascii.o)
    0x0800ac88   0x00000018   Data   RO         1896    .constdata          STemWin526_CM3_Keil.lib(f24b_ascii.o)
    0x0800aca0   0x00000030   Data   RO         1897    .constdata          STemWin526_CM3_Keil.lib(f24b_ascii.o)
    0x0800acd0   0x00000030   Data   RO         1898    .constdata          STemWin526_CM3_Keil.lib(f24b_ascii.o)
    0x0800ad00   0x00000018   Data   RO         1899    .constdata          STemWin526_CM3_Keil.lib(f24b_ascii.o)
    0x0800ad18   0x00000018   Data   RO         1900    .constdata          STemWin526_CM3_Keil.lib(f24b_ascii.o)
    0x0800ad30   0x00000030   Data   RO         1901    .constdata          STemWin526_CM3_Keil.lib(f24b_ascii.o)
    0x0800ad60   0x00000018   Data   RO         1902    .constdata          STemWin526_CM3_Keil.lib(f24b_ascii.o)
    0x0800ad78   0x00000048   Data   RO         1903    .constdata          STemWin526_CM3_Keil.lib(f24b_ascii.o)
    0x0800adc0   0x00000030   Data   RO         1904    .constdata          STemWin526_CM3_Keil.lib(f24b_ascii.o)
    0x0800adf0   0x00000030   Data   RO         1905    .constdata          STemWin526_CM3_Keil.lib(f24b_ascii.o)
    0x0800ae20   0x00000030   Data   RO         1906    .constdata          STemWin526_CM3_Keil.lib(f24b_ascii.o)
    0x0800ae50   0x00000030   Data   RO         1907    .constdata          STemWin526_CM3_Keil.lib(f24b_ascii.o)
    0x0800ae80   0x00000018   Data   RO         1908    .constdata          STemWin526_CM3_Keil.lib(f24b_ascii.o)
    0x0800ae98   0x00000030   Data   RO         1909    .constdata          STemWin526_CM3_Keil.lib(f24b_ascii.o)
    0x0800aec8   0x00000018   Data   RO         1910    .constdata          STemWin526_CM3_Keil.lib(f24b_ascii.o)
    0x0800aee0   0x00000030   Data   RO         1911    .constdata          STemWin526_CM3_Keil.lib(f24b_ascii.o)
    0x0800af10   0x00000030   Data   RO         1912    .constdata          STemWin526_CM3_Keil.lib(f24b_ascii.o)
    0x0800af40   0x00000030   Data   RO         1913    .constdata          STemWin526_CM3_Keil.lib(f24b_ascii.o)
    0x0800af70   0x00000030   Data   RO         1914    .constdata          STemWin526_CM3_Keil.lib(f24b_ascii.o)
    0x0800afa0   0x00000030   Data   RO         1915    .constdata          STemWin526_CM3_Keil.lib(f24b_ascii.o)
    0x0800afd0   0x00000030   Data   RO         1916    .constdata          STemWin526_CM3_Keil.lib(f24b_ascii.o)
    0x0800b000   0x00000018   Data   RO         1917    .constdata          STemWin526_CM3_Keil.lib(f24b_ascii.o)
    0x0800b018   0x00000018   Data   RO         1918    .constdata          STemWin526_CM3_Keil.lib(f24b_ascii.o)
    0x0800b030   0x00000018   Data   RO         1919    .constdata          STemWin526_CM3_Keil.lib(f24b_ascii.o)
    0x0800b048   0x00000030   Data   RO         1920    .constdata          STemWin526_CM3_Keil.lib(f24b_ascii.o)
    0x0800b078   0x000002f8   Data   RO         1921    .constdata          STemWin526_CM3_Keil.lib(f24b_ascii.o)
    0x0800b370   0x0000000c   Data   RO         1922    .constdata          STemWin526_CM3_Keil.lib(f24b_ascii.o)
    0x0800b37c   0x00000024   Data   RO         1923    .constdata          STemWin526_CM3_Keil.lib(f24b_ascii.o)
    0x0800b3a0   0x00000074   Data   RO         1941    .constdata          STemWin526_CM3_Keil.lib(guidev_16.o)
    0x0800b414   0x00000020   Data   RO         1962    .constdata          STemWin526_CM3_Keil.lib(gui__divtbl_31_255.o)
    0x0800b434   0x00000040   Data   RO         1963    .constdata          STemWin526_CM3_Keil.lib(gui__divtbl_63_255.o)
    0x0800b474   0x00000100   Data   RO         1964    .constdata          STemWin526_CM3_Keil.lib(gui__divtbl_255_31.o)
    0x0800b574   0x00000100   Data   RO         1965    .constdata          STemWin526_CM3_Keil.lib(gui__divtbl_255_63.o)
    0x0800b674   0x00000010   Data   RO         2007    .constdata          STemWin526_CM3_Keil.lib(gui_uc_encodenone.o)
    0x0800b684   0x0000000c   Data   RO         2031    .constdata          STemWin526_CM3_Keil.lib(lcd.o)
    0x0800b690   0x00000100   Data   RO         2066    .constdata          STemWin526_CM3_Keil.lib(lcd_mirror.o)
    0x0800b790   0x00000008   Data   RO         2078    .constdata          STemWin526_CM3_Keil.lib(guidev_writetoactiveopaque.o)
    0x0800b798   0x00000018   Data   RO         2336    .constdata          STemWin526_CM3_Keil.lib(guicc_0.o)
    0x0800b7b0   0x00000020   Data   RO         3269    Region$$Table       anon$$obj.o


    Execution Region RW_IRAM1 (Base: 0x20000000, Size: 0x00002ff8, Max: 0x00010000, ABSOLUTE, COMPRESSED[0x00000048])

    Base Addr    Size         Type   Attr      Idx    E Section Name        Object

    0x20000000   0x00000014   Data   RW          289    .data               stm32f10x_rcc.o
    0x20000014   0x00000004   Data   RW          974    .data               delay.o
    0x20000018   0x00000006   Data   RW         1002    .data               usart.o
    0x2000001e   0x00000002   PAD
    0x20000020   0x00000014   Data   RW         1236    .data               system_stm32f10x.o
    0x20000034   0x00000008   Data   RW         1369    .data               guidrv_template.o
    0x2000003c   0x00000008   Data   RW         1581    .data               STemWin526_CM3_Keil.lib(gui_alloc.o)
    0x20000044   0x0000002c   Data   RW         1628    .data               STemWin526_CM3_Keil.lib(gui_core.o)
    0x20000070   0x00000004   Data   RW         1631    .data               STemWin526_CM3_Keil.lib(gui_core.o)
    0x20000074   0x00000004   Data   RW         1635    .data               STemWin526_CM3_Keil.lib(gui_core.o)
    0x20000078   0x00000002   Data   RW         1636    .data               STemWin526_CM3_Keil.lib(gui_core.o)
    0x2000007a   0x00000002   Data   RW         1637    .data               STemWin526_CM3_Keil.lib(gui_core.o)
    0x2000007c   0x00000008   Data   RW         1685    .data               STemWin526_CM3_Keil.lib(guicc_m565.o)
    0x20000084   0x00000004   Data   RW         1942    .data               STemWin526_CM3_Keil.lib(guidev_16.o)
    0x20000088   0x00000004   Data   RW         2032    .data               STemWin526_CM3_Keil.lib(lcd.o)
    0x2000008c   0x00000010   Data   RW         2058    .data               STemWin526_CM3_Keil.lib(lcd_color.o)
    0x2000009c   0x00000060   Data   RW         2140    .data               STemWin526_CM3_Keil.lib(wm.o)
    0x200000fc   0x00000014   Data   RW         2211    .data               STemWin526_CM3_Keil.lib(gui__managecache.o)
    0x20000110   0x00000004   Data   RW         2236    .data               STemWin526_CM3_Keil.lib(gui_charline.o)
    0x20000114   0x0000000c   Data   RW         2265    .data               STemWin526_CM3_Keil.lib(gui_onkey.o)
    0x20000120   0x0000000c   Data   RW         2324    .data               STemWin526_CM3_Keil.lib(gui_waitevent.o)
    0x2000012c   0x00000004   Data   RW         2395    .data               STemWin526_CM3_Keil.lib(wm__sendmessage.o)
    0x20000130   0x0000000e   Zero   RW          787    .bss                lcd.o
    0x2000013e   0x000000c8   Zero   RW         1001    .bss                usart.o
    0x20000206   0x00000002   PAD
    0x20000208   0x00002800   Zero   RW         1330    .bss                guiconf.o
    0x20002a08   0x000000c8   Zero   RW         1580    .bss                STemWin526_CM3_Keil.lib(gui_alloc.o)
    0x20002ad0   0x00000070   Zero   RW         1626    .bss                STemWin526_CM3_Keil.lib(gui_core.o)
    0x20002b40   0x00000018   Zero   RW         2139    .bss                STemWin526_CM3_Keil.lib(wm.o)
    0x20002b58   0x00000058   Zero   RW         2264    .bss                STemWin526_CM3_Keil.lib(gui_onkey.o)
    0x20002bb0   0x00000048   Zero   RW         2436    .bss                STemWin526_CM3_Keil.lib(wm_touch.o)
    0x20002bf8   0x00000400   Zero   RW           17    STACK               startup_stm32f10x_xl.o


==============================================================================

Image component sizes


      Code (inc. data)   RO Data    RW Data    ZI Data      Debug   Object Name

         0          0          0          0          0       4540   core_cm3.o
       220         26          0          4          0       1675   delay.o
         4          0          0          0          0        858   gui_x.o
        28          8          0          0      10240        511   guiconf.o
      2220        102         52          8          0      67446   guidrv_template.o
     16574        172          0          0         14      20695   lcd.o
        78         12          0          0          0       1277   lcdconf_flexcolor_template.o
       100         22          0          0          0        443   main.o
       172         22          0          0          0       1937   misc.o
        36          8        304          0       1024        780   startup_stm32f10x_xl.o
       282          6          0          0          0       1725   stm32f10x_fsmc.o
       278          0          0          0          0     237936   stm32f10x_gpio.o
        26          0          0          0          0       3654   stm32f10x_it.o
       340         44          0         20          0       5395   stm32f10x_rcc.o
       564         28          0          0          0       5409   stm32f10x_usart.o
        12          0          0          0          0        449   sys.o
       328         28          0         20          0       2117   system_stm32f10x.o
       332         28          0          6        200       3580   usart.o

    ----------------------------------------------------------------------
     21622        506        388         60      11480     360427   Object Totals
         0          0         32          0          0          0   (incl. Generated)
        28          0          0          2          2          0   (incl. Padding)

    ----------------------------------------------------------------------

      Code (inc. data)   RO Data    RW Data    ZI Data      Debug   Library Member Name

         0          0       4864          0          0          0   f24b_ascii.o
         0          0       1816          0          0          0   f6x8.o
       292          0          0          0          0         76   gui__compactpixelindices.o
         0          0        256          0          0          0   gui__divtbl_255_31.o
         0          0        256          0          0          0   gui__divtbl_255_63.o
         0          0         32          0          0          0   gui__divtbl_31_255.o
         0          0         64          0          0          0   gui__divtbl_63_255.o
        58          0          0          0          0         68   gui__intersectrect.o
        82          0          0          0          0         80   gui__intersectrects.o
       216          8          0         20          0        156   gui__managecache.o
        76          0          0          0          0         76   gui__memset.o
        60          0          0          0          0         76   gui__memset16.o
      1654         92          0          8        200       1544   gui_alloc.o
        36          0          0          0          0         80   gui_alloc_alloczero.o
        60          0          0          0          0         76   gui_calccolordist.o
        96         22          0          0          0        272   gui_char.o
       458         36          0          4          0        472   gui_charline.o
       394         10          0          0          0        300   gui_charm.o
       308         10          0          0          0        384   gui_charp.o
       460         78          8         56        112        620   gui_core.o
       348         24          0          0          0        516   gui_device.o
       256          4          0          0          0         88   gui_dispstring.o
        16          4          0          0          0         68   gui_dispstringat.o
        28          0          0          0          0        160   gui_getcolor.o
        52         12          0          0          0        216   gui_goto.o
        88          0          0          0          0         76   gui_mergerect.o
        30          0          0          0          0         68   gui_moverect.o
        16          4          0         12         88         68   gui_onkey.o
        56          0          0          0          0         68   gui_rectsintersect.o
        36          8          0          0          0         80   gui_selectlayer.o
        18          0          0          0          0         80   gui_selectlcd.o
         8          0          0          0          0        136   gui_setcolor.o
        20          6          0          0          0         68   gui_setfont.o
        56         18          0          0          0         80   gui_setorg.o
        84         10          0          0          0        168   gui_uc.o
        18          0         16          0          0        272   gui_uc_encodenone.o
        16          4          0         12          0         68   gui_waitevent.o
       198          0         24          0          0        244   guicc_0.o
       250         42         24          8          0        412   guicc_m565.o
       100          6          0          0          0        160   guidev.o
      2324         66        116          4          0       1336   guidev_16.o
        22          0          0          0          0         80   guidev_getdataptr.o
        76          0          0          0          0        164   guidev_usage.o
      1868         16          8          0          0        492   guidev_writetoactiveopaque.o
      1646        110         12          4          0       1348   lcd.o
       260         26          0         16          0        388   lcd_color.o
        32         12          0          0          0        136   lcd_getcolorindex.o
       292         24          0          0          0        784   lcd_getex.o
        26          0          0          0          0         80   lcd_getnumdisplays.o
         0          0        256          0          0          0   lcd_mirror.o
        64         10          0          0          0         80   lcd_selectlcd.o
       132          0          0          0          0        252   lcd_set.o
        48         10          0          0          0         80   lcd_setcliprectex.o
        36          4          0          0          0         80   lcd_updatecolorindices.o
      2966        132          0         96         24       2560   wm.o
        18          0          0          0          0         76   wm__getfirstsibling.o
        36          0          0          0          0         80   wm__getprevsibling.o
        60          6          0          4          0         88   wm__sendmessage.o
       126          0          0          0          0         92   wm_bringtobottom.o
        16          6          0          0          0         68   wm_criticalhandle.o
        32          0          0          0          0         80   wm_getclientrect.o
        24         10          0          0          0         68   wm_getdesktopwindow.o
        14          0          0          0          0         76   wm_getfirstchild.o
        14          0          0          0          0         76   wm_getparent.o
        30          0          0          0          0         92   wm_sendtoparent.o
        16          6          0          0          0         68   wm_setcreateflags.o
         0          0          0          0         72          0   wm_touch.o
        86          0          0          0          0          0   __dczerorl2.o
         0          0          0          0          0          0   entry.o
         0          0          0          0          0          0   entry10a.o
         0          0          0          0          0          0   entry11a.o
         8          4          0          0          0          0   entry2.o
         4          0          0          0          0          0   entry5.o
         0          0          0          0          0          0   entry7b.o
         0          0          0          0          0          0   entry8b.o
         8          4          0          0          0          0   entry9a.o
        30          0          0          0          0          0   handlers.o
        36          8          0          0          0         68   init.o
        30          0          0          0          0         68   llshl.o
        32          0          0          0          0         68   llushr.o
        64          0          0          0          0         76   memmovea.o
       736         56          0          0          0        184   printf5.o
        98          0          0          0          0         92   uldiv.o

    ----------------------------------------------------------------------
     17294        908       7752        244        496      16656   Library Totals
        40          0          0          0          0          0   (incl. Padding)

    ----------------------------------------------------------------------

      Code (inc. data)   RO Data    RW Data    ZI Data      Debug   Library Name

     16122        836       7752        244        496      16100   STemWin526_CM3_Keil.lib
      1132         72          0          0          0        556   mc_w.l

    ----------------------------------------------------------------------
     17294        908       7752        244        496      16656   Library Totals

    ----------------------------------------------------------------------

==============================================================================


      Code (inc. data)   RO Data    RW Data    ZI Data      Debug   

     38916       1414       8140        304      11976     362391   Grand Totals
     38916       1414       8140         72      11976     362391   ELF Image Totals (compressed)
     38916       1414       8140         72          0          0   ROM Totals

==============================================================================

    Total RO  Size (Code + RO Data)                47056 (  45.95kB)
    Total RW  Size (RW Data + ZI Data)             12280 (  11.99kB)
    Total ROM Size (Code + RO Data + RW Data)      47128 (  46.02kB)

==============================================================================

