<html>
<body>
<pre>
<h1>礦ision Build Log</h1>
<h2>Tool Versions:</h2>
IDE-Version: μVision V5.21.1.0
Copyright (C) 2016 ARM Ltd and ARM Germany GmbH. All rights reserved.
License Information: tt 79496, tt, LIC=LJWMM-XCCHE-LUM4M-XA5LS-LK2DC-I1BJI
 
Tool Versions:
Toolchain:       MDK-ARM Professional  Version: 5.21a
Toolchain Path:  C:\Keil_v5\ARM\ARMCC\Bin
C Compiler:      Armcc.exe V5.06 update 3 (build 300)
Assembler:       Armasm.exe V5.06 update 3 (build 300)
Linker/Locator:  ArmLink.exe V5.06 update 3 (build 300)
Library Manager: ArmAr.exe V5.06 update 3 (build 300)
Hex Converter:   FromElf.exe V5.06 update 3 (build 300)
CPU DLL:         SARMCM3.DLL V5.21a
Dialog DLL:      DARMSTM.DLL V1.66.0.1
Target DLL:      coocox-agdi.dll V???
Dialog DLL:      TARMSTM.DLL V1.65.0.0
 
<h2>Project:</h2>
C:\Users\79496\Documents\GitHub\stm32_example\蓝桥杯-嵌入式\10-蓝桥杯 - 发送串口数据两种基本方法参考写法\USER\main.uvproj
Project File Date:  05/20/2018

<h2>Output:</h2>
*** Using Compiler 'V5.06 update 3 (build 300)', folder: 'C:\Keil_v5\ARM\ARMCC\Bin'
Build target 'Target 1'
assembling startup_stm32f10x_md.s...
compiling core_cm3.c...
compiling misc.c...
compiling stm32f10x_gpio.c...
compiling stm32f10x_adc.c...
compiling stm32f10x_tim.c...
compiling stm32f10x_rcc.c...
compiling stm32f10x_usart.c...
compiling system_stm32f10x.c...
compiling stm32f10x_it.c...
compiling config.c...
compiling main.c...
compiling lcd.c...
linking...
Program Size: Code=3444 RO-data=4828 RW-data=56 ZI-data=1048  
".\Objects\main.axf" - 0 Error(s), 0 Warning(s).
Build Time Elapsed:  00:00:09
</pre>
</body>
</html>
