<html>
<body>
<pre>
<h1>礦ision Build Log</h1>
<h2>Tool Versions:</h2>
IDE-Version: μVision V5.21.1.0
Copyright (C) 2016 ARM Ltd and ARM Germany GmbH. All rights reserved.
License Information: tt 79496, tt, LIC=----
 
Tool Versions:
Toolchain:       MDK-Lite  Version: 5.21a
Toolchain Path:  C:\Keil_v5\ARM\ARMCC\Bin
C Compiler:      Armcc.exe V5.06 update 3 (build 300)
Assembler:       Armasm.exe V5.06 update 3 (build 300)
Linker/Locator:  ArmLink.exe V5.06 update 3 (build 300)
Library Manager: ArmAr.exe V5.06 update 3 (build 300)
Hex Converter:   FromElf.exe V5.06 update 3 (build 300)
CPU DLL:         SARMCM3.DLL V5.21a
Dialog DLL:      DARMSTM.DLL V1.66.0.1
Target DLL:      coocox-agdi.dll V???
Dialog DLL:      TARMSTM.DLL V1.65.0.0
 
<h2>Project:</h2>
D:\每日干活\2018年1月\11-蓝桥杯 - 使用printf与scanf模拟shell参考写法 - 副本\USER\main.uvproj
Project File Date:  01/01/2018

<h2>Output:</h2>
*** Using Compiler 'V5.06 update 3 (build 300)', folder: 'C:\Keil_v5\ARM\ARMCC\Bin'
Build target 'Target 1'
compiling stm32f10x_it.c...
linking...
Program Size: Code=4240 RO-data=4852 RW-data=68 ZI-data=1156  
".\Objects\main.axf" - 0 Error(s), 0 Warning(s).
Build Time Elapsed:  00:00:01
</pre>
</body>
</html>
