<html>
<body>
<pre>
<h1>礦ision Build Log</h1>
<h2>Tool Versions:</h2>
IDE-Version: μVision V5.21.1.0
Copyright (C) 2016 ARM Ltd and ARM Germany GmbH. All rights reserved.
License Information: tt 79496, tt, LIC=LJWMM-XCCHE-LUM4M-XA5LS-LK2DC-I1BJI
 
Tool Versions:
Toolchain:       MDK-ARM Professional  Version: 5.21a
Toolchain Path:  C:\Keil_v5\ARM\ARMCC\Bin
C Compiler:      Armcc.exe V5.06 update 3 (build 300)
Assembler:       Armasm.exe V5.06 update 3 (build 300)
Linker/Locator:  ArmLink.exe V5.06 update 3 (build 300)
Library Manager: ArmAr.exe V5.06 update 3 (build 300)
Hex Converter:   FromElf.exe V5.06 update 3 (build 300)
CPU DLL:         SARMCM3.DLL V5.21a
Dialog DLL:      DARMSTM.DLL V1.66.0.1
Target DLL:      Segger\JL2CM3.dll V2.99.23.0
Dialog DLL:      TARMSTM.DLL V1.65.0.0
 
<h2>Project:</h2>
D:\每日干活\2018年1月\EMWIN\2.初步移植EMWIN\USER\main.uvprojx
Project File Date:  01/05/2018

<h2>Output:</h2>
*** Using Compiler 'V5.06 update 3 (build 300)', folder: 'C:\Keil_v5\ARM\ARMCC\Bin'
Build target 'Target 1'
assembling startup_stm32f10x_xl.s...
compiling stm32f10x_gpio.c...
compiling core_cm3.c...
compiling misc.c...
compiling stm32f10x_fsmc.c...
compiling stm32f10x_rcc.c...
compiling stm32f10x_usart.c...
compiling delay.c...
compiling lcd.c...
compiling sys.c...
compiling usart.c...
compiling stm32f10x_it.c...
compiling system_stm32f10x.c...
compiling main.c...
compiling GUI_X.c...
compiling GUIConf.c...
compiling SIMConf.c...
compiling LCDConf_FlexColor_Template.c...
compiling GUIDRV_Template.c...
linking...
Program Size: Code=38916 RO-data=8140 RW-data=304 ZI-data=11976  
".\Objects\main.axf" - 0 Error(s), 0 Warning(s).

<h2>Collection of Component include folders:</h2>
  D:\每日干活\2018年1月\EMWIN\2.初步移植EMWIN\USER\RTE
  C:\Keil_v5\ARM\PACK\Keil\STM32F1xx_DFP\1.0.5\Device\Include

<h2>Collection of Component Files used:</h2>
Build Time Elapsed:  00:00:08
</pre>
</body>
</html>
